 windowsAPI

 Timestamp is 5f098a7d (Sat Jul 11 18:46:37 2020)

 Preferred load address is 0000000140000000

 Start         Length     Name                   Class
 0001:00000000 00000970H .text$di                CODE
 0001:00000970 0001c550H .text$mn                CODE
 0001:0001cec0 00000020H .text$mn$00             CODE
 0001:0001cee0 00002980H .text$x                 CODE
 0001:0001f860 00000031H .text$yd                CODE
 0002:00000000 00000430H .idata$5                DATA
 0002:00000430 00000010H .00cfg                  DATA
 0002:00000440 00000008H .CRT$XCA                DATA
 0002:00000448 00000008H .CRT$XCAA               DATA
 0002:00000450 00000088H .CRT$XCU                DATA
 0002:000004d8 00000008H .CRT$XCZ                DATA
 0002:000004e0 00000008H .CRT$XIA                DATA
 0002:000004e8 00000008H .CRT$XIAA               DATA
 0002:000004f0 00000008H .CRT$XIAC               DATA
 0002:000004f8 00000008H .CRT$XIZ                DATA
 0002:00000500 00000008H .CRT$XPA                DATA
 0002:00000508 00000008H .CRT$XPZ                DATA
 0002:00000510 00000008H .CRT$XTA                DATA
 0002:00000518 00000008H .CRT$XTZ                DATA
 0002:00000520 00000000H .gfids$y                DATA
 0002:00000520 000021c0H .rdata                  DATA
 0002:000026e0 000009f4H .rdata$r                DATA
 0002:000030d4 00000354H .rdata$zzzdbg           DATA
 0002:00003428 00000008H .rtc$IAA                DATA
 0002:00003430 00000008H .rtc$IZZ                DATA
 0002:00003438 00000008H .rtc$TAA                DATA
 0002:00003440 00000010H .rtc$TZZ                DATA
 0002:00003450 000045d0H .xdata                  DATA
 0002:00007a20 000000ecH .xdata$x                DATA
 0002:00007b0c 00000000H .edata                  DATA
 0002:00007b0c 0000012cH .idata$2                DATA
 0002:00007c38 00000018H .idata$3                DATA
 0002:00007c50 00000430H .idata$4                DATA
 0002:00008080 00000c0eH .idata$6                DATA
 0003:00000000 00000038H .data                   DATA
 0003:00000038 000002c8H .data$r                 DATA
 0003:00000300 00000770H .bss                    DATA
 0004:00000000 00001878H .pdata                  DATA
 0005:00000000 00000570H .rsrc$01                DATA
 0005:00000570 00016c80H .rsrc$02                DATA

  Address         Publics by Value              Rva+Base               Lib:Object

 0000:00000000       __guard_fids_count         0000000000000000     <absolute>
 0000:00000000       __guard_longjmp_count      0000000000000000     <absolute>
 0000:00000000       __guard_longjmp_table      0000000000000000     <absolute>
 0000:00000000       __hybrid_code_map          0000000000000000     <absolute>
 0000:00000000       __guard_iat_count          0000000000000000     <absolute>
 0000:00000000       __guard_iat_table          0000000000000000     <absolute>
 0000:00000000       __volatile_metadata        0000000000000000     <absolute>
 0000:00000000       __hybrid_code_map_count    0000000000000000     <absolute>
 0000:00000000       __enclave_config           0000000000000000     <absolute>
 0000:00000000       ___safe_se_handler_count   0000000000000000     <absolute>
 0000:00000000       __dynamic_value_reloc_table 0000000000000000     <absolute>
 0000:00000000       ___safe_se_handler_table   0000000000000000     <absolute>
 0000:00000000       __guard_fids_table         0000000000000000     <absolute>
 0000:00000000       __hybrid_auxiliary_iat     0000000000000000     <absolute>
 0000:00000100       __guard_flags              0000000000000100     <absolute>
 0000:00000000       __ImageBase                0000000140000000     <linker-defined>
 0001:00000970       ?init@animation@@QEAAJHHHH@Z 0000000140001970 f   animation.obj
 0001:00000a40       ?setDefPlayFrame@animation@@QEAAXHH@Z 0000000140001a40 f   animation.obj
 0001:00000c20       ?setPlayFrame@animation@@QEAAXHHHH@Z 0000000140001c20 f   animation.obj
 0001:00000f40       ?frameUpdate@animation@@QEAAXM@Z 0000000140001f40 f   animation.obj
 0001:00000fa0       ??$_Emplace_reallocate@AEBH@?$vector@HV?$allocator@H@std@@@std@@QEAAPEAHQEAHAEBH@Z 0000000140001fa0 f i animation.obj
 0001:00001140       ??$_Emplace_reallocate@AEBUtagPOINT@@@?$vector@UtagPOINT@@V?$allocator@UtagPOINT@@@std@@@std@@QEAAPEAUtagPOINT@@QEAU2@AEBU2@@Z 0000000140002140 f i animation.obj
 0001:00001140       ??$_Emplace_reallocate@PEAVeffect@@@?$vector@PEAVeffect@@V?$allocator@PEAVeffect@@@std@@@std@@QEAAPEAPEAVeffect@@QEAPEAV2@$$QEAPEAV2@@Z 0000000140002140 f i effectManager.obj
 0001:00001140       ??$_Emplace_reallocate@AEBQEAVenemy@@@?$vector@PEAVenemy@@V?$allocator@PEAVenemy@@@std@@@std@@QEAAPEAPEAVenemy@@QEAPEAV2@AEBQEAV2@@Z 0000000140002140 f i stageManager.obj
 0001:000012e0       ?_Xlength@?$vector@UtagPOINT@@V?$allocator@UtagPOINT@@@std@@@std@@CAXXZ 00000001400022e0 f i animation.obj
 0001:000012e0       ?_Xlength@?$vector@UtagBullet@@V?$allocator@UtagBullet@@@std@@@std@@CAXXZ 00000001400022e0 f i bullets.obj
 0001:000012e0       ?_Xlength@?$vector@HV?$allocator@H@std@@@std@@CAXXZ 00000001400022e0 f i animation.obj
 0001:000012e0       ?_Xlength@?$vector@V?$basic_string@DU?$char_traits@D@std@@V?$allocator@D@2@@std@@V?$allocator@V?$basic_string@DU?$char_traits@D@std@@V?$allocator@D@2@@std@@@2@@std@@CAXXZ 00000001400022e0 f i stageManager.obj
 0001:000012e0       ?_Xlength@?$vector@PEAVenemy@@V?$allocator@PEAVenemy@@@std@@@std@@CAXXZ 00000001400022e0 f i stageManager.obj
 0001:000012e0       ?_Xlength@?$vector@PEAVeffect@@V?$allocator@PEAVeffect@@@std@@@std@@CAXXZ 00000001400022e0 f i effectManager.obj
 0001:000012e0       ?_Xlength@?$vector@V?$map@V?$basic_string@DU?$char_traits@D@std@@V?$allocator@D@2@@std@@V?$vector@PEAVeffect@@V?$allocator@PEAVeffect@@@std@@@2@U?$less@V?$basic_string@DU?$char_traits@D@std@@V?$allocator@D@2@@std@@@2@V?$allocator@U?$pair@$$CBV?$basic_string@DU?$char_traits@D@std@@V?$allocator@D@2@@std@@V?$vector@PEAVeffect@@V?$allocator@PEAVeffect@@@std@@@2@@std@@@2@@std@@V?$allocator@V?$map@V?$basic_string@DU?$char_traits@D@std@@V?$allocator@D@2@@std@@V?$vector@PEAVeffect@@V?$allocator@PEAVeffect@@@std@@@2@U?$less@V?$basic_string@DU?$char_traits@D@std@@V?$allocator@D@2@@std@@@2@V?$allocator@U?$pair@$$CBV?$basic_string@DU?$char_traits@D@std@@V?$allocator@D@2@@std@@V?$vector@PEAVeffect@@V?$allocator@PEAVeffect@@@std@@@2@@std@@@2@@std@@@2@@std@@CAXXZ 00000001400022e0 f i effectManager.obj
 0001:00001300       ??0bossStage@@QEAA@HPEBD@Z 0000000140002300 f   bossStage.obj
 0001:000014f0       ??_GbossStage@@UEAAPEAXI@Z 00000001400024f0 f i bossStage.obj
 0001:000014f0       ??_EbossStage@@UEAAPEAXI@Z 00000001400024f0 f i * CIL library *:* CIL module *
 0001:00001590       ?init@bossStage@@UEAAJXZ   0000000140002590 f   bossStage.obj
 0001:00001820       ?draw@monkey@@UEAAXXZ      0000000140002820 f   enemy.obj
 0001:00001820       ?release@bossStage@@UEAAXXZ 0000000140002820 f   bossStage.obj
 0001:00001820       ?render@pixelCollsion@@UEAAXXZ 0000000140002820 f   pixelCollsion.obj
 0001:00001820       ?render@gameNode@@UEAAXXZ  0000000140002820 f   gameNode.obj
 0001:00001820       ?checkPlayer@oko@@UEAAXXZ  0000000140002820 f   enemy.obj
 0001:00001820       ?draw@oko@@UEAAXXZ         0000000140002820 f   enemy.obj
 0001:00001820       ?release@witch@@UEAAXXZ    0000000140002820 f   enemy.obj
 0001:00001820       ?release@stageManager@@UEAAXXZ 0000000140002820 f   stageManager.obj
 0001:00001820       ?release@player@@UEAAXXZ   0000000140002820 f   player.obj
 0001:00001820       _initialize_denormal_control 0000000140002820 f   MSVCRT:denormal_control.obj
 0001:00001820       _initialize_invalid_parameter_handler 0000000140002820 f   MSVCRT:invalid_parameter_handler.obj
 0001:00001820       ?update@gameNode@@UEAAXXZ  0000000140002820 f   gameNode.obj
 0001:00001820       ?release@playGround@@UEAAXXZ 0000000140002820 f   playGround.obj
 0001:00001820       ?attack@monkey@@UEAAXXZ    0000000140002820 f   enemy.obj
 0001:00001820       ?checkPlayer@witch@@UEAAXXZ 0000000140002820 f   enemy.obj
 0001:00001820       ?release@rell@@UEAAXXZ     0000000140002820 f   enemy.obj
 0001:00001820       ?attack@oko@@UEAAXXZ       0000000140002820 f   enemy.obj
 0001:00001820       _guard_check_icall_nop     0000000140002820 f   MSVCRT:guard_support.obj
 0001:00001820       ?release@progressBar@@UEAAXXZ 0000000140002820 f   progressBar.obj
 0001:00001820       ?release@prim@@UEAAXXZ     0000000140002820 f   enemy.obj
 0001:00001820       ?release@pixelCollsion@@UEAAXXZ 0000000140002820 f   pixelCollsion.obj
 0001:00001820       ?checkPlayer@rell@@UEAAXXZ 0000000140002820 f   enemy.obj
 0001:00001820       ?attack@prim@@UEAAXXZ      0000000140002820 f   enemy.obj
 0001:00001830       ?update@bossStage@@UEAAXXZ 0000000140002830 f   bossStage.obj
 0001:00001b40       ?render@bossStage@@UEAAXXZ 0000000140002b40 f   bossStage.obj
 0001:00001c50       ??1?$vector@PEAVenemy@@V?$allocator@PEAVenemy@@@std@@@std@@QEAA@XZ 0000000140002c50 f i bossStage.obj
 0001:00001c50       ??1?$vector@PEAVeffect@@V?$allocator@PEAVeffect@@@std@@@std@@QEAA@XZ 0000000140002c50 f i effectManager.obj
 0001:00001cb0       ?getSingleton@?$singletonBase@VimageManager@@@@SAPEAVimageManager@@XZ 0000000140002cb0 f i bossStage.obj
 0001:00001d00       ?getSingleton@?$singletonBase@VtimeManager@@@@SAPEAVtimeManager@@XZ 0000000140002d00 f i bossStage.obj
 0001:00001d30       ?getSingleton@?$singletonBase@Vcamera@@@@SAPEAVcamera@@XZ 0000000140002d30 f i bossStage.obj
 0001:00001d70       ??1?$vector@V?$basic_string@DU?$char_traits@D@std@@V?$allocator@D@2@@std@@V?$allocator@V?$basic_string@DU?$char_traits@D@std@@V?$allocator@D@2@@std@@@2@@std@@QEAA@XZ 0000000140002d70 f i bossStage.obj
 0001:00001d80       ?_Tidy@?$vector@V?$basic_string@DU?$char_traits@D@std@@V?$allocator@D@2@@std@@V?$allocator@V?$basic_string@DU?$char_traits@D@std@@V?$allocator@D@2@@std@@@2@@std@@AEAAXXZ 0000000140002d80 f i bossStage.obj
 0001:00001df0       ??$_Destroy_range@V?$allocator@V?$basic_string@DU?$char_traits@D@std@@V?$allocator@D@2@@std@@@std@@@std@@YAXPEAV?$basic_string@DU?$char_traits@D@std@@V?$allocator@D@2@@0@0AEAV?$allocator@V?$basic_string@DU?$char_traits@D@std@@V?$allocator@D@2@@std@@@0@@Z 0000000140002df0 f i bossStage.obj
 0001:00001e80       ??1?$pair@V?$basic_string@DU?$char_traits@D@std@@V?$allocator@D@2@@std@@PEAVgameNode@@@std@@QEAA@XZ 0000000140002e80 f i sceneManager.obj
 0001:00001e80       ??1?$pair@V?$basic_string@DU?$char_traits@D@std@@V?$allocator@D@2@@std@@PEAVimage@@@std@@QEAA@XZ 0000000140002e80 f i imageManager.obj
 0001:00001e80       ??1?$basic_string@DU?$char_traits@D@std@@V?$allocator@D@2@@std@@QEAA@XZ 0000000140002e80 f i bossStage.obj
 0001:00001ee0       ?_Xlen@?$basic_string@DU?$char_traits@D@std@@V?$allocator@D@2@@std@@SAXXZ 0000000140002ee0 f i bossStage.obj
 0001:00001f00       ?assign@?$basic_string@DU?$char_traits@D@std@@V?$allocator@D@2@@std@@QEAAAEAV12@QEBD_K@Z 0000000140002f00 f i bossStage.obj
 0001:00002060       ??0?$basic_string@DU?$char_traits@D@std@@V?$allocator@D@2@@std@@QEAA@QEBD@Z 0000000140003060 f i bossStage.obj
 0001:000020a0       ??$_Emplace_reallocate@AEBUtagBullet@@@?$vector@UtagBullet@@V?$allocator@UtagBullet@@@std@@@std@@QEAAPEAUtagBullet@@QEAU2@AEBU2@@Z 00000001400030a0 f i bullets.obj
 0001:00002260       ?getSingleton@?$singletonBase@VrandomFunction@@@@SAPEAVrandomFunction@@XZ 0000000140003260 f i camel.obj
 0001:000022b0       ?getSingleton@?$singletonBase@VeffectManager@@@@SAPEAVeffectManager@@XZ 00000001400032b0 f i camel.obj
 0001:000022f0       ??_EcommonStage@@UEAAPEAXI@Z 00000001400032f0 f i * CIL library *:* CIL module *
 0001:000022f0       ??_GcommonStage@@UEAAPEAXI@Z 00000001400032f0 f i commonStage.obj
 0001:00002380       ??0commonStage@@QEAA@HPEBD@Z 0000000140003380 f   commonStage.obj
 0001:000026a0       ?init@commonStage@@UEAAJXZ 00000001400036a0 f   commonStage.obj
 0001:00002780       ?release@commonStage@@UEAAXXZ 0000000140003780 f   commonStage.obj
 0001:00002790       ?update@commonStage@@UEAAXXZ 0000000140003790 f   commonStage.obj
 0001:00002990       ?render@commonStage@@UEAAXXZ 0000000140003990 f   commonStage.obj
 0001:00002c90       ??_Geffect@@UEAAPEAXI@Z    0000000140003c90 f i effect.obj
 0001:00002c90       ??_Eeffect@@UEAAPEAXI@Z    0000000140003c90 f i * CIL library *:* CIL module *
 0001:00002cc0       ?init@effect@@UEAAJPEAVimage@@HHHM@Z 0000000140003cc0 f   effect.obj
 0001:00002dc0       ?release@effect@@UEAAXXZ   0000000140003dc0 f   effect.obj
 0001:00002df0       ??_Ganimation@@QEAAPEAXI@Z 0000000140003df0 f i effect.obj
 0001:00002eb0       ?update@effect@@UEAAXXZ    0000000140003eb0 f   effect.obj
 0001:00002f30       ?render@effect@@UEAAXXZ    0000000140003f30 f   effect.obj
 0001:00002fa0       ?killEffect@effect@@UEAAXXZ 0000000140003fa0 f   effect.obj
 0001:00002fb0       ?update@effectManager@@QEAAXXZ 0000000140003fb0 f   effectManager.obj
 0001:00003080       ?render@effectManager@@QEAAXXZ 0000000140004080 f   effectManager.obj
 0001:00003150       ?addEffect@effectManager@@QEAAXV?$basic_string@DU?$char_traits@D@std@@V?$allocator@D@2@@std@@PEBDHHHHHMH@Z 0000000140004150 f   effectManager.obj
 0001:00003610       ??1?$map@V?$basic_string@DU?$char_traits@D@std@@V?$allocator@D@2@@std@@V?$vector@PEAVeffect@@V?$allocator@PEAVeffect@@@std@@@2@U?$less@V?$basic_string@DU?$char_traits@D@std@@V?$allocator@D@2@@std@@@2@V?$allocator@U?$pair@$$CBV?$basic_string@DU?$char_traits@D@std@@V?$allocator@D@2@@std@@V?$vector@PEAVeffect@@V?$allocator@PEAVeffect@@@std@@@2@@std@@@2@@std@@QEAA@XZ 0000000140004610 f i effectManager.obj
 0001:00003640       ??1?$pair@V?$basic_string@DU?$char_traits@D@std@@V?$allocator@D@2@@std@@V?$vector@PEAVeffect@@V?$allocator@PEAVeffect@@@std@@@2@@std@@QEAA@XZ 0000000140004640 f i effectManager.obj
 0001:000036f0       ?play@effectManager@@QEAAXV?$basic_string@DU?$char_traits@D@std@@V?$allocator@D@2@@std@@HH@Z 00000001400046f0 f   effectManager.obj
 0001:00003910       ??1?$_Tree_comp_alloc@V?$_Tmap_traits@V?$basic_string@DU?$char_traits@D@std@@V?$allocator@D@2@@std@@V?$vector@PEAVeffect@@V?$allocator@PEAVeffect@@@std@@@2@U?$less@V?$basic_string@DU?$char_traits@D@std@@V?$allocator@D@2@@std@@@2@V?$allocator@U?$pair@$$CBV?$basic_string@DU?$char_traits@D@std@@V?$allocator@D@2@@std@@V?$vector@PEAVeffect@@V?$allocator@PEAVeffect@@@std@@@2@@std@@@2@$0A@@std@@@std@@QEAA@XZ 0000000140004910 f i effectManager.obj
 0001:00003920       ?_Tidy@?$_Tree@V?$_Tmap_traits@V?$basic_string@DU?$char_traits@D@std@@V?$allocator@D@2@@std@@V?$vector@PEAVeffect@@V?$allocator@PEAVeffect@@@std@@@2@U?$less@V?$basic_string@DU?$char_traits@D@std@@V?$allocator@D@2@@std@@@2@V?$allocator@U?$pair@$$CBV?$basic_string@DU?$char_traits@D@std@@V?$allocator@D@2@@std@@V?$vector@PEAVeffect@@V?$allocator@PEAVeffect@@@std@@@2@@std@@@2@$0A@@std@@@std@@IEAAXXZ 0000000140004920 f i effectManager.obj
 0001:00003940       ?_Destroy@?$vector@V?$map@V?$basic_string@DU?$char_traits@D@std@@V?$allocator@D@2@@std@@V?$vector@PEAVeffect@@V?$allocator@PEAVeffect@@@std@@@2@U?$less@V?$basic_string@DU?$char_traits@D@std@@V?$allocator@D@2@@std@@@2@V?$allocator@U?$pair@$$CBV?$basic_string@DU?$char_traits@D@std@@V?$allocator@D@2@@std@@V?$vector@PEAVeffect@@V?$allocator@PEAVeffect@@@std@@@2@@std@@@2@@std@@V?$allocator@V?$map@V?$basic_string@DU?$char_traits@D@std@@V?$allocator@D@2@@std@@V?$vector@PEAVeffect@@V?$allocator@PEAVeffect@@@std@@@2@U?$less@V?$basic_string@DU?$char_traits@D@std@@V?$allocator@D@2@@std@@@2@V?$allocator@U?$pair@$$CBV?$basic_string@DU?$char_traits@D@std@@V?$allocator@D@2@@std@@V?$vector@PEAVeffect@@V?$allocator@PEAVeffect@@@std@@@2@@std@@@2@@std@@@2@@std@@AEAAXPEAV?$map@V?$basic_string@DU?$char_traits@D@std@@V?$allocator@D@2@@std@@V?$vector@PEAVeffect@@V?$allocator@PEAVeffect@@@std@@@2@U?$less@V?$basic_string@DU?$char_traits@D@std@@V?$allocator@D@2@@std@@@2@V?$allocator@U?$pair@$$CBV?$basic_string@DU?$char_traits@D@std@@V?$allocator@D@2@@std@@V?$vector@PEAVeffect@@V?$allocator@PEAVeffect@@@std@@@2@@std@@@2@@2@0@Z 0000000140004940 f i effectManager.obj
 0001:000039a0       ?deallocate@?$allocator@V?$map@V?$basic_string@DU?$char_traits@D@std@@V?$allocator@D@2@@std@@V?$vector@PEAVeffect@@V?$allocator@PEAVeffect@@@std@@@2@U?$less@V?$basic_string@DU?$char_traits@D@std@@V?$allocator@D@2@@std@@@2@V?$allocator@U?$pair@$$CBV?$basic_string@DU?$char_traits@D@std@@V?$allocator@D@2@@std@@V?$vector@PEAVeffect@@V?$allocator@PEAVeffect@@@std@@@2@@std@@@2@@std@@@std@@QEAAXQEAV?$map@V?$basic_string@DU?$char_traits@D@std@@V?$allocator@D@2@@std@@V?$vector@PEAVeffect@@V?$allocator@PEAVeffect@@@std@@@2@U?$less@V?$basic_string@DU?$char_traits@D@std@@V?$allocator@D@2@@std@@@2@V?$allocator@U?$pair@$$CBV?$basic_string@DU?$char_traits@D@std@@V?$allocator@D@2@@std@@V?$vector@PEAVeffect@@V?$allocator@PEAVeffect@@@std@@@2@@std@@@2@@2@_K@Z 00000001400049a0 f i effectManager.obj
 0001:000039f0       ?erase@?$_Tree@V?$_Tmap_traits@V?$basic_string@DU?$char_traits@D@std@@V?$allocator@D@2@@std@@V?$vector@PEAVeffect@@V?$allocator@PEAVeffect@@@std@@@2@U?$less@V?$basic_string@DU?$char_traits@D@std@@V?$allocator@D@2@@std@@@2@V?$allocator@U?$pair@$$CBV?$basic_string@DU?$char_traits@D@std@@V?$allocator@D@2@@std@@V?$vector@PEAVeffect@@V?$allocator@PEAVeffect@@@std@@@2@@std@@@2@$0A@@std@@@std@@QEAA?AV?$_Tree_iterator@V?$_Tree_val@U?$_Tree_simple_types@U?$pair@$$CBV?$basic_string@DU?$char_traits@D@std@@V?$allocator@D@2@@std@@V?$vector@PEAVeffect@@V?$allocator@PEAVeffect@@@std@@@2@@std@@@std@@@std@@@2@V?$_Tree_const_iterator@V?$_Tree_val@U?$_Tree_simple_types@U?$pair@$$CBV?$basic_string@DU?$char_traits@D@std@@V?$allocator@D@2@@std@@V?$vector@PEAVeffect@@V?$allocator@PEAVeffect@@@std@@@2@@std@@@std@@@std@@@2@0@Z 00000001400049f0 f i effectManager.obj
 0001:00003be0       ?_Extract@?$_Tree_val@U?$_Tree_simple_types@U?$pair@$$CBV?$basic_string@DU?$char_traits@D@std@@V?$allocator@D@2@@std@@PEAVgameNode@@@std@@@std@@@std@@QEAAPEAU?$_Tree_node@U?$pair@$$CBV?$basic_string@DU?$char_traits@D@std@@V?$allocator@D@2@@std@@PEAVgameNode@@@std@@PEAX@2@V?$_Tree_const_iterator@V?$_Tree_val@U?$_Tree_simple_types@U?$pair@$$CBV?$basic_string@DU?$char_traits@D@std@@V?$allocator@D@2@@std@@PEAVgameNode@@@std@@@std@@@std@@@2@@Z 0000000140004be0 f i sceneManager.obj
 0001:00003be0       ?_Extract@?$_Tree_val@U?$_Tree_simple_types@U?$pair@$$CBV?$basic_string@DU?$char_traits@D@std@@V?$allocator@D@2@@std@@PEAVimage@@@std@@@std@@@std@@QEAAPEAU?$_Tree_node@U?$pair@$$CBV?$basic_string@DU?$char_traits@D@std@@V?$allocator@D@2@@std@@PEAVimage@@@std@@PEAX@2@V?$_Tree_const_iterator@V?$_Tree_val@U?$_Tree_simple_types@U?$pair@$$CBV?$basic_string@DU?$char_traits@D@std@@V?$allocator@D@2@@std@@PEAVimage@@@std@@@std@@@std@@@2@@Z 0000000140004be0 f i imageManager.obj
 0001:00003be0       ?_Extract@?$_Tree_val@U?$_Tree_simple_types@U?$pair@$$CBV?$basic_string@DU?$char_traits@D@std@@V?$allocator@D@2@@std@@V?$vector@PEAVeffect@@V?$allocator@PEAVeffect@@@std@@@2@@std@@@std@@@std@@QEAAPEAU?$_Tree_node@U?$pair@$$CBV?$basic_string@DU?$char_traits@D@std@@V?$allocator@D@2@@std@@V?$vector@PEAVeffect@@V?$allocator@PEAVeffect@@@std@@@2@@std@@PEAX@2@V?$_Tree_const_iterator@V?$_Tree_val@U?$_Tree_simple_types@U?$pair@$$CBV?$basic_string@DU?$char_traits@D@std@@V?$allocator@D@2@@std@@V?$vector@PEAVeffect@@V?$allocator@PEAVeffect@@@std@@@2@@std@@@std@@@std@@@2@@Z 0000000140004be0 f i effectManager.obj
 0001:00003be0       ?_Extract@?$_Tree_val@U?$_Tree_simple_types@U?$pair@$$CBV?$basic_string@DU?$char_traits@D@std@@V?$allocator@D@2@@std@@PEAPEAVSound@FMOD@@@std@@@std@@@std@@QEAAPEAU?$_Tree_node@U?$pair@$$CBV?$basic_string@DU?$char_traits@D@std@@V?$allocator@D@2@@std@@PEAPEAVSound@FMOD@@@std@@PEAX@2@V?$_Tree_const_iterator@V?$_Tree_val@U?$_Tree_simple_types@U?$pair@$$CBV?$basic_string@DU?$char_traits@D@std@@V?$allocator@D@2@@std@@PEAPEAVSound@FMOD@@@std@@@std@@@std@@@2@@Z 0000000140004be0 f i soundManager.obj
 0001:00004070       ?_Buyheadnode@?$_Tree_comp_alloc@V?$_Tmap_traits@V?$basic_string@DU?$char_traits@D@std@@V?$allocator@D@2@@std@@V?$vector@PEAVeffect@@V?$allocator@PEAVeffect@@@std@@@2@U?$less@V?$basic_string@DU?$char_traits@D@std@@V?$allocator@D@2@@std@@@2@V?$allocator@U?$pair@$$CBV?$basic_string@DU?$char_traits@D@std@@V?$allocator@D@2@@std@@V?$vector@PEAVeffect@@V?$allocator@PEAVeffect@@@std@@@2@@std@@@2@$0A@@std@@@std@@QEAAPEAU?$_Tree_node@U?$pair@$$CBV?$basic_string@DU?$char_traits@D@std@@V?$allocator@D@2@@std@@V?$vector@PEAVeffect@@V?$allocator@PEAVeffect@@@std@@@2@@std@@PEAX@2@XZ 0000000140005070 f i effectManager.obj
 0001:000040a0       ?_Erase@?$_Tree@V?$_Tmap_traits@V?$basic_string@DU?$char_traits@D@std@@V?$allocator@D@2@@std@@V?$vector@PEAVeffect@@V?$allocator@PEAVeffect@@@std@@@2@U?$less@V?$basic_string@DU?$char_traits@D@std@@V?$allocator@D@2@@std@@@2@V?$allocator@U?$pair@$$CBV?$basic_string@DU?$char_traits@D@std@@V?$allocator@D@2@@std@@V?$vector@PEAVeffect@@V?$allocator@PEAVeffect@@@std@@@2@@std@@@2@$0A@@std@@@std@@IEAAXPEAU?$_Tree_node@U?$pair@$$CBV?$basic_string@DU?$char_traits@D@std@@V?$allocator@D@2@@std@@V?$vector@PEAVeffect@@V?$allocator@PEAVeffect@@@std@@@2@@std@@PEAX@2@@Z 00000001400050a0 f i effectManager.obj
 0001:00004190       ??$_Emplace_reallocate@AEBV?$map@V?$basic_string@DU?$char_traits@D@std@@V?$allocator@D@2@@std@@V?$vector@PEAVeffect@@V?$allocator@PEAVeffect@@@std@@@2@U?$less@V?$basic_string@DU?$char_traits@D@std@@V?$allocator@D@2@@std@@@2@V?$allocator@U?$pair@$$CBV?$basic_string@DU?$char_traits@D@std@@V?$allocator@D@2@@std@@V?$vector@PEAVeffect@@V?$allocator@PEAVeffect@@@std@@@2@@std@@@2@@std@@@?$vector@V?$map@V?$basic_string@DU?$char_traits@D@std@@V?$allocator@D@2@@std@@V?$vector@PEAVeffect@@V?$allocator@PEAVeffect@@@std@@@2@U?$less@V?$basic_string@DU?$char_traits@D@std@@V?$allocator@D@2@@std@@@2@V?$allocator@U?$pair@$$CBV?$basic_string@DU?$char_traits@D@std@@V?$allocator@D@2@@std@@V?$vector@PEAVeffect@@V?$allocator@PEAVeffect@@@std@@@2@@std@@@2@@std@@V?$allocator@V?$map@V?$basic_string@DU?$char_traits@D@std@@V?$allocator@D@2@@std@@V?$vector@PEAVeffect@@V?$allocator@PEAVeffect@@@std@@@2@U?$less@V?$basic_string@DU?$char_traits@D@std@@V?$allocator@D@2@@std@@@2@V?$allocator@U?$pair@$$CBV?$basic_string@DU?$char_traits@D@std@@V?$allocator@D@2@@std@@V?$vector@PEAVeffect@@V?$allocator@PEAVeffect@@@std@@@2@@std@@@2@@std@@@2@@std@@QEAAPEAV?$map@V?$basic_string@DU?$char_traits@D@std@@V?$allocator@D@2@@std@@V?$vector@PEAVeffect@@V?$allocator@PEAVeffect@@@std@@@2@U?$less@V?$basic_string@DU?$char_traits@D@std@@V?$allocator@D@2@@std@@@2@V?$allocator@U?$pair@$$CBV?$basic_string@DU?$char_traits@D@std@@V?$allocator@D@2@@std@@V?$vector@PEAVeffect@@V?$allocator@PEAVeffect@@@std@@@2@@std@@@2@@1@QEAV21@AEBV21@@Z 0000000140005190 f i effectManager.obj
 0001:000043f0       ?_Umove@?$vector@V?$map@V?$basic_string@DU?$char_traits@D@std@@V?$allocator@D@2@@std@@V?$vector@PEAVeffect@@V?$allocator@PEAVeffect@@@std@@@2@U?$less@V?$basic_string@DU?$char_traits@D@std@@V?$allocator@D@2@@std@@@2@V?$allocator@U?$pair@$$CBV?$basic_string@DU?$char_traits@D@std@@V?$allocator@D@2@@std@@V?$vector@PEAVeffect@@V?$allocator@PEAVeffect@@@std@@@2@@std@@@2@@std@@V?$allocator@V?$map@V?$basic_string@DU?$char_traits@D@std@@V?$allocator@D@2@@std@@V?$vector@PEAVeffect@@V?$allocator@PEAVeffect@@@std@@@2@U?$less@V?$basic_string@DU?$char_traits@D@std@@V?$allocator@D@2@@std@@@2@V?$allocator@U?$pair@$$CBV?$basic_string@DU?$char_traits@D@std@@V?$allocator@D@2@@std@@V?$vector@PEAVeffect@@V?$allocator@PEAVeffect@@@std@@@2@@std@@@2@@std@@@2@@std@@AEAAPEAV?$map@V?$basic_string@DU?$char_traits@D@std@@V?$allocator@D@2@@std@@V?$vector@PEAVeffect@@V?$allocator@PEAVeffect@@@std@@@2@U?$less@V?$basic_string@DU?$char_traits@D@std@@V?$allocator@D@2@@std@@@2@V?$allocator@U?$pair@$$CBV?$basic_string@DU?$char_traits@D@std@@V?$allocator@D@2@@std@@V?$vector@PEAVeffect@@V?$allocator@PEAVeffect@@@std@@@2@@std@@@2@@2@PEAV32@00@Z 00000001400053f0 f i effectManager.obj
 0001:000044b0       ??0?$vector@PEAVeffect@@V?$allocator@PEAVeffect@@@std@@@std@@QEAA@AEBV01@@Z 00000001400054b0 f i effectManager.obj
 0001:000045a0       ??$?0V?$allocator@U?$_Tree_node@U?$pair@$$CBV?$basic_string@DU?$char_traits@D@std@@V?$allocator@D@2@@std@@V?$vector@PEAVeffect@@V?$allocator@PEAVeffect@@@std@@@2@@std@@PEAX@std@@@std@@@?$_Tree@V?$_Tmap_traits@V?$basic_string@DU?$char_traits@D@std@@V?$allocator@D@2@@std@@V?$vector@PEAVeffect@@V?$allocator@PEAVeffect@@@std@@@2@U?$less@V?$basic_string@DU?$char_traits@D@std@@V?$allocator@D@2@@std@@@2@V?$allocator@U?$pair@$$CBV?$basic_string@DU?$char_traits@D@std@@V?$allocator@D@2@@std@@V?$vector@PEAVeffect@@V?$allocator@PEAVeffect@@@std@@@2@@std@@@2@$0A@@std@@@std@@QEAA@AEBV01@$$QEAV?$allocator@U?$_Tree_node@U?$pair@$$CBV?$basic_string@DU?$char_traits@D@std@@V?$allocator@D@2@@std@@V?$vector@PEAVeffect@@V?$allocator@PEAVeffect@@@std@@@2@@std@@PEAX@std@@@1@@Z 00000001400055a0 f i effectManager.obj
 0001:00004670       ??$_Buynode@U?$pair@V?$basic_string@DU?$char_traits@D@std@@V?$allocator@D@2@@std@@V?$vector@PEAVeffect@@V?$allocator@PEAVeffect@@@std@@@2@@std@@@?$_Tree_comp_alloc@V?$_Tmap_traits@V?$basic_string@DU?$char_traits@D@std@@V?$allocator@D@2@@std@@V?$vector@PEAVeffect@@V?$allocator@PEAVeffect@@@std@@@2@U?$less@V?$basic_string@DU?$char_traits@D@std@@V?$allocator@D@2@@std@@@2@V?$allocator@U?$pair@$$CBV?$basic_string@DU?$char_traits@D@std@@V?$allocator@D@2@@std@@V?$vector@PEAVeffect@@V?$allocator@PEAVeffect@@@std@@@2@@std@@@2@$0A@@std@@@std@@QEAAPEAU?$_Tree_node@U?$pair@$$CBV?$basic_string@DU?$char_traits@D@std@@V?$allocator@D@2@@std@@V?$vector@PEAVeffect@@V?$allocator@PEAVeffect@@@std@@@2@@std@@PEAX@1@$$QEAU?$pair@V?$basic_string@DU?$char_traits@D@std@@V?$allocator@D@2@@std@@V?$vector@PEAVeffect@@V?$allocator@PEAVeffect@@@std@@@2@@1@@Z 0000000140005670 f i effectManager.obj
 0001:000046f0       ??$_Insert_nohint@AEAU?$pair@$$CBV?$basic_string@DU?$char_traits@D@std@@V?$allocator@D@2@@std@@V?$vector@PEAVeffect@@V?$allocator@PEAVeffect@@@std@@@2@@std@@PEAU?$_Tree_node@U?$pair@$$CBV?$basic_string@DU?$char_traits@D@std@@V?$allocator@D@2@@std@@V?$vector@PEAVeffect@@V?$allocator@PEAVeffect@@@std@@@2@@std@@PEAX@2@@?$_Tree@V?$_Tmap_traits@V?$basic_string@DU?$char_traits@D@std@@V?$allocator@D@2@@std@@V?$vector@PEAVeffect@@V?$allocator@PEAVeffect@@@std@@@2@U?$less@V?$basic_string@DU?$char_traits@D@std@@V?$allocator@D@2@@std@@@2@V?$allocator@U?$pair@$$CBV?$basic_string@DU?$char_traits@D@std@@V?$allocator@D@2@@std@@V?$vector@PEAVeffect@@V?$allocator@PEAVeffect@@@std@@@2@@std@@@2@$0A@@std@@@std@@IEAA?AU?$pair@V?$_Tree_iterator@V?$_Tree_val@U?$_Tree_simple_types@U?$pair@$$CBV?$basic_string@DU?$char_traits@D@std@@V?$allocator@D@2@@std@@V?$vector@PEAVeffect@@V?$allocator@PEAVeffect@@@std@@@2@@std@@@std@@@std@@@std@@_N@1@_NAEAU?$pair@$$CBV?$basic_string@DU?$char_traits@D@std@@V?$allocator@D@2@@std@@V?$vector@PEAVeffect@@V?$allocator@PEAVeffect@@@std@@@2@@1@PEAU?$_Tree_node@U?$pair@$$CBV?$basic_string@DU?$char_traits@D@std@@V?$allocator@D@2@@std@@V?$vector@PEAVeffect@@V?$allocator@PEAVeffect@@@std@@@2@@std@@PEAX@1@@Z 00000001400056f0 f i effectManager.obj
 0001:00004920       ??1?$_Uninitialized_backout_al@PEAV?$map@V?$basic_string@DU?$char_traits@D@std@@V?$allocator@D@2@@std@@V?$vector@PEAVeffect@@V?$allocator@PEAVeffect@@@std@@@2@U?$less@V?$basic_string@DU?$char_traits@D@std@@V?$allocator@D@2@@std@@@2@V?$allocator@U?$pair@$$CBV?$basic_string@DU?$char_traits@D@std@@V?$allocator@D@2@@std@@V?$vector@PEAVeffect@@V?$allocator@PEAVeffect@@@std@@@2@@std@@@2@@std@@V?$allocator@V?$map@V?$basic_string@DU?$char_traits@D@std@@V?$allocator@D@2@@std@@V?$vector@PEAVeffect@@V?$allocator@PEAVeffect@@@std@@@2@U?$less@V?$basic_string@DU?$char_traits@D@std@@V?$allocator@D@2@@std@@@2@V?$allocator@U?$pair@$$CBV?$basic_string@DU?$char_traits@D@std@@V?$allocator@D@2@@std@@V?$vector@PEAVeffect@@V?$allocator@PEAVeffect@@@std@@@2@@std@@@2@@std@@@2@@std@@QEAA@XZ 0000000140005920 f i effectManager.obj
 0001:00004980       ?_Freenode0@?$_Tree_comp_alloc@V?$_Tmap_traits@V?$basic_string@DU?$char_traits@D@std@@V?$allocator@D@2@@std@@V?$vector@PEAVeffect@@V?$allocator@PEAVeffect@@@std@@@2@U?$less@V?$basic_string@DU?$char_traits@D@std@@V?$allocator@D@2@@std@@@2@V?$allocator@U?$pair@$$CBV?$basic_string@DU?$char_traits@D@std@@V?$allocator@D@2@@std@@V?$vector@PEAVeffect@@V?$allocator@PEAVeffect@@@std@@@2@@std@@@2@$0A@@std@@@std@@QEAAXPEAU?$_Tree_node@U?$pair@$$CBV?$basic_string@DU?$char_traits@D@std@@V?$allocator@D@2@@std@@V?$vector@PEAVeffect@@V?$allocator@PEAVeffect@@@std@@@2@@std@@PEAX@2@@Z 0000000140005980 f i effectManager.obj
 0001:00004990       ?_Buynode0@?$_Tree_comp_alloc@V?$_Tmap_traits@V?$basic_string@DU?$char_traits@D@std@@V?$allocator@D@2@@std@@V?$vector@PEAVeffect@@V?$allocator@PEAVeffect@@@std@@@2@U?$less@V?$basic_string@DU?$char_traits@D@std@@V?$allocator@D@2@@std@@@2@V?$allocator@U?$pair@$$CBV?$basic_string@DU?$char_traits@D@std@@V?$allocator@D@2@@std@@V?$vector@PEAVeffect@@V?$allocator@PEAVeffect@@@std@@@2@@std@@@2@$0A@@std@@@std@@QEAAPEAU?$_Tree_node@U?$pair@$$CBV?$basic_string@DU?$char_traits@D@std@@V?$allocator@D@2@@std@@V?$vector@PEAVeffect@@V?$allocator@PEAVeffect@@@std@@@2@@std@@PEAX@2@XZ 0000000140005990 f i effectManager.obj
 0001:000049c0       ?_Destroy_if_node@?$_Tree@V?$_Tmap_traits@V?$basic_string@DU?$char_traits@D@std@@V?$allocator@D@2@@std@@V?$vector@PEAVeffect@@V?$allocator@PEAVeffect@@@std@@@2@U?$less@V?$basic_string@DU?$char_traits@D@std@@V?$allocator@D@2@@std@@@2@V?$allocator@U?$pair@$$CBV?$basic_string@DU?$char_traits@D@std@@V?$allocator@D@2@@std@@V?$vector@PEAVeffect@@V?$allocator@PEAVeffect@@@std@@@2@@std@@@2@$0A@@std@@@std@@IEAAXPEAU?$_Tree_node@U?$pair@$$CBV?$basic_string@DU?$char_traits@D@std@@V?$allocator@D@2@@std@@V?$vector@PEAVeffect@@V?$allocator@PEAVeffect@@@std@@@2@@std@@PEAX@2@@Z 00000001400059c0 f i effectManager.obj
 0001:00004a80       ??$_Insert_at@AEAU?$pair@$$CBV?$basic_string@DU?$char_traits@D@std@@V?$allocator@D@2@@std@@V?$vector@PEAVeffect@@V?$allocator@PEAVeffect@@@std@@@2@@std@@PEAU?$_Tree_node@U?$pair@$$CBV?$basic_string@DU?$char_traits@D@std@@V?$allocator@D@2@@std@@V?$vector@PEAVeffect@@V?$allocator@PEAVeffect@@@std@@@2@@std@@PEAX@2@@?$_Tree@V?$_Tmap_traits@V?$basic_string@DU?$char_traits@D@std@@V?$allocator@D@2@@std@@V?$vector@PEAVeffect@@V?$allocator@PEAVeffect@@@std@@@2@U?$less@V?$basic_string@DU?$char_traits@D@std@@V?$allocator@D@2@@std@@@2@V?$allocator@U?$pair@$$CBV?$basic_string@DU?$char_traits@D@std@@V?$allocator@D@2@@std@@V?$vector@PEAVeffect@@V?$allocator@PEAVeffect@@@std@@@2@@std@@@2@$0A@@std@@@std@@IEAA?AV?$_Tree_iterator@V?$_Tree_val@U?$_Tree_simple_types@U?$pair@$$CBV?$basic_string@DU?$char_traits@D@std@@V?$allocator@D@2@@std@@V?$vector@PEAVeffect@@V?$allocator@PEAVeffect@@@std@@@2@@std@@@std@@@std@@@1@_NPEAU?$_Tree_node@U?$pair@$$CBV?$basic_string@DU?$char_traits@D@std@@V?$allocator@D@2@@std@@V?$vector@PEAVeffect@@V?$allocator@PEAVeffect@@@std@@@2@@std@@PEAX@1@AEAU?$pair@$$CBV?$basic_string@DU?$char_traits@D@std@@V?$allocator@D@2@@std@@V?$vector@PEAVeffect@@V?$allocator@PEAVeffect@@@std@@@2@@1@1@Z 0000000140005a80 f i effectManager.obj
 0001:00004d30       ??$_Copy_nodes@U_Copy_tag@?$_Tree@V?$_Tmap_traits@V?$basic_string@DU?$char_traits@D@std@@V?$allocator@D@2@@std@@V?$vector@PEAVeffect@@V?$allocator@PEAVeffect@@@std@@@2@U?$less@V?$basic_string@DU?$char_traits@D@std@@V?$allocator@D@2@@std@@@2@V?$allocator@U?$pair@$$CBV?$basic_string@DU?$char_traits@D@std@@V?$allocator@D@2@@std@@V?$vector@PEAVeffect@@V?$allocator@PEAVeffect@@@std@@@2@@std@@@2@$0A@@std@@@std@@@?$_Tree@V?$_Tmap_traits@V?$basic_string@DU?$char_traits@D@std@@V?$allocator@D@2@@std@@V?$vector@PEAVeffect@@V?$allocator@PEAVeffect@@@std@@@2@U?$less@V?$basic_string@DU?$char_traits@D@std@@V?$allocator@D@2@@std@@@2@V?$allocator@U?$pair@$$CBV?$basic_string@DU?$char_traits@D@std@@V?$allocator@D@2@@std@@V?$vector@PEAVeffect@@V?$allocator@PEAVeffect@@@std@@@2@@std@@@2@$0A@@std@@@std@@IEAAPEAU?$_Tree_node@U?$pair@$$CBV?$basic_string@DU?$char_traits@D@std@@V?$allocator@D@2@@std@@V?$vector@PEAVeffect@@V?$allocator@PEAVeffect@@@std@@@2@@std@@PEAX@1@PEAU21@0U_Copy_tag@01@@Z 0000000140005d30 f i effectManager.obj
 0001:00004dd0       ??$_Buynode@AEAU?$pair@$$CBV?$basic_string@DU?$char_traits@D@std@@V?$allocator@D@2@@std@@V?$vector@PEAVeffect@@V?$allocator@PEAVeffect@@@std@@@2@@std@@@?$_Tree_comp_alloc@V?$_Tmap_traits@V?$basic_string@DU?$char_traits@D@std@@V?$allocator@D@2@@std@@V?$vector@PEAVeffect@@V?$allocator@PEAVeffect@@@std@@@2@U?$less@V?$basic_string@DU?$char_traits@D@std@@V?$allocator@D@2@@std@@@2@V?$allocator@U?$pair@$$CBV?$basic_string@DU?$char_traits@D@std@@V?$allocator@D@2@@std@@V?$vector@PEAVeffect@@V?$allocator@PEAVeffect@@@std@@@2@@std@@@2@$0A@@std@@@std@@QEAAPEAU?$_Tree_node@U?$pair@$$CBV?$basic_string@DU?$char_traits@D@std@@V?$allocator@D@2@@std@@V?$vector@PEAVeffect@@V?$allocator@PEAVeffect@@@std@@@2@@std@@PEAX@1@AEAU?$pair@$$CBV?$basic_string@DU?$char_traits@D@std@@V?$allocator@D@2@@std@@V?$vector@PEAVeffect@@V?$allocator@PEAVeffect@@@std@@@2@@1@@Z 0000000140005dd0 f i effectManager.obj
 0001:00004e40       ??0?$basic_string@DU?$char_traits@D@std@@V?$allocator@D@2@@std@@QEAA@AEBV01@@Z 0000000140005e40 f i effectManager.obj
 0001:00004f10       ?getHP@enemy@@UEAAHXZ      0000000140005f10 f i enemy.obj
 0001:00004f20       ?getMaxHP@enemy@@UEAAHXZ   0000000140005f20 f i enemy.obj
 0001:00004f30       ?CalculateBezierPoint@witch@@QEAA?AUtagPOINT@@MU2@000@Z 0000000140005f30 f i enemy.obj
 0001:00005070       ?init@oko@@UEAAJUtagPoint@TTYONE_UTIL@@@Z 0000000140006070 f   enemy.obj
 0001:000052d0       ?release@bakman@@UEAAXXZ   00000001400062d0 f   enemy.obj
 0001:000052d0       ?release@oko@@UEAAXXZ      00000001400062d0 f   enemy.obj
 0001:00005310       ?update@oko@@UEAAXXZ       0000000140006310 f   enemy.obj
 0001:00005390       ?render@oko@@UEAAXXZ       0000000140006390 f   enemy.obj
 0001:00005470       ?move@oko@@UEAAXXZ         0000000140006470 f   enemy.obj
 0001:00005730       ?checkCollision@oko@@UEAAXXZ 0000000140006730 f   enemy.obj
 0001:000058b0       ?init@monkey@@UEAAJUtagPoint@TTYONE_UTIL@@@Z 00000001400068b0 f   enemy.obj
 0001:00005e30       ?release@monkey@@UEAAXXZ   0000000140006e30 f   enemy.obj
 0001:00005e90       ?update@monkey@@UEAAXXZ    0000000140006e90 f   enemy.obj
 0001:00006060       ?render@monkey@@UEAAXXZ    0000000140007060 f   enemy.obj
 0001:00006200       ?checkPlayer@monkey@@UEAAXXZ 0000000140007200 f   enemy.obj
 0001:000065a0       ?move@monkey@@UEAAXXZ      00000001400075a0 f   enemy.obj
 0001:00006750       ?checkCollision@monkey@@UEAAXXZ 0000000140007750 f   enemy.obj
 0001:00006900       ?pixelCollision@monkey@@QEAAXXZ 0000000140007900 f   enemy.obj
 0001:00006c90       ?init@bakman@@UEAAJUtagPoint@TTYONE_UTIL@@@Z 0000000140007c90 f   enemy.obj
 0001:000073c0       ?update@bakman@@UEAAXXZ    00000001400083c0 f   enemy.obj
 0001:000074a0       ?render@bakman@@UEAAXXZ    00000001400084a0 f   enemy.obj
 0001:000074b0       ?attack@bakman@@UEAAXXZ    00000001400084b0 f   enemy.obj
 0001:000075e0       ?checkPlayer@bakman@@UEAAXXZ 00000001400085e0 f   enemy.obj
 0001:00007810       ?move@bakman@@UEAAXXZ      0000000140008810 f   enemy.obj
 0001:00007950       ?draw@bakman@@UEAAXXZ      0000000140008950 f   enemy.obj
 0001:00007b10       ?checkCollision@bakman@@UEAAXXZ 0000000140008b10 f   enemy.obj
 0001:00007cc0       ?init@prim@@UEAAJUtagPoint@TTYONE_UTIL@@@Z 0000000140008cc0 f   enemy.obj
 0001:000082c0       ?update@prim@@UEAAXXZ      00000001400092c0 f   enemy.obj
 0001:00008400       ?render@prim@@UEAAXXZ      0000000140009400 f   enemy.obj
 0001:00008640       ?checkPlayer@prim@@UEAAXXZ 0000000140009640 f   enemy.obj
 0001:00008800       ?move@prim@@UEAAXXZ        0000000140009800 f   enemy.obj
 0001:00008860       ?draw@prim@@UEAAXXZ        0000000140009860 f   enemy.obj
 0001:00008ba0       ?checkCollision@prim@@UEAAXXZ 0000000140009ba0 f   enemy.obj
 0001:00008d60       ?init@witch@@UEAAJUtagPoint@TTYONE_UTIL@@@Z 0000000140009d60 f   enemy.obj
 0001:00009970       ?update@witch@@UEAAXXZ     000000014000a970 f   enemy.obj
 0001:000099d0       ?render@witch@@UEAAXXZ     000000014000a9d0 f   enemy.obj
 0001:00009ab0       ?attack@witch@@UEAAXXZ     000000014000aab0 f   enemy.obj
 0001:00009f90       ?move@witch@@UEAAXXZ       000000014000af90 f   enemy.obj
 0001:0000a740       ?draw@witch@@UEAAXXZ       000000014000b740 f   enemy.obj
 0001:0000ac60       ?checkCollision@witch@@UEAAXXZ 000000014000bc60 f   enemy.obj
 0001:0000b160       ?attackWithLeftBullet@witch@@QEAAXH@Z 000000014000c160 f   enemy.obj
 0001:0000b270       ?init@rell@@UEAAJUtagPoint@TTYONE_UTIL@@@Z 000000014000c270 f   enemy.obj
 0001:0000c960       ?update@rell@@UEAAXXZ      000000014000d960 f   enemy.obj
 0001:0000d4c0       ?render@rell@@UEAAXXZ      000000014000e4c0 f   enemy.obj
 0001:0000d5a0       ?attack@rell@@UEAAXXZ      000000014000e5a0 f   enemy.obj
 0001:0000df10       ?move@rell@@UEAAXXZ        000000014000ef10 f   enemy.obj
 0001:0000e6f0       ?draw@rell@@UEAAXXZ        000000014000f6f0 f   enemy.obj
 0001:0000ed60       ?checkCollision@rell@@UEAAXXZ 000000014000fd60 f   enemy.obj
 0001:0000f0d0       ?changeMode@rell@@QEAAXXZ  00000001400100d0 f   enemy.obj
 0001:0000f980       ??1sentry@?$basic_ostream@DU?$char_traits@D@std@@@std@@QEAA@XZ 0000000140010980 f i enemy.obj
 0001:0000f9d0       ??1_Sentry_base@?$basic_ostream@DU?$char_traits@D@std@@@std@@QEAA@XZ 00000001400109d0 f i enemy.obj
 0001:0000fa00       ??$?6U?$char_traits@D@std@@@std@@YAAEAV?$basic_ostream@DU?$char_traits@D@std@@@0@AEAV10@PEBD@Z 0000000140010a00 f i enemy.obj
 0001:0000fbd0       ??$endl@DU?$char_traits@D@std@@@std@@YAAEAV?$basic_ostream@DU?$char_traits@D@std@@@0@AEAV10@@Z 0000000140010bd0 f i enemy.obj
 0001:0000fc10       ?render@tagMYRECT@TTYONE_UTIL@@QEAAXPEAUHDC__@@@Z 0000000140010c10 f i enemy.obj
 0001:0000fc70       ??_EgameNode@@UEAAPEAXI@Z  0000000140010c70 f i * CIL library *:* CIL module *
 0001:0000fc70       ??_GgameNode@@UEAAPEAXI@Z  0000000140010c70 f i gameNode.obj
 0001:0000fca0       ??1gameNode@@UEAA@XZ       0000000140010ca0 f   gameNode.obj
 0001:0000fca0       ??1progressBar@@UEAA@XZ    0000000140010ca0 f   progressBar.obj
 0001:0000fcb0       ?init@gameNode@@UEAAJXZ    0000000140010cb0 f   gameNode.obj
 0001:0000fce0       ?init@gameNode@@UEAAJ_N@Z  0000000140010ce0 f   gameNode.obj
 0001:00010020       ?release@gameNode@@UEAAXXZ 0000000140011020 f   gameNode.obj
 0001:000107d0       ?getSingleton@?$singletonBase@VsoundManager@@@@SAPEAVsoundManager@@XZ 00000001400117d0 f i gameNode.obj
 0001:00010850       ?getSingleton@?$singletonBase@VtxtData@@@@SAPEAVtxtData@@XZ 0000000140011850 f i gameNode.obj
 0001:00010880       ?init@image@@QEAAJPEBDHHHK@Z 0000000140011880 f   image.obj
 0001:00010a90       ?init@image@@QEAAJPEBDHHHHHK@Z 0000000140011a90 f   image.obj
 0001:00010ce0       ?release@image@@QEAAXXZ    0000000140011ce0 f   image.obj
 0001:00010db0       ?render@image@@QEAAXPEAUHDC__@@@Z 0000000140011db0 f   image.obj
 0001:00010e60       ?render@image@@QEAAXPEAUHDC__@@HH@Z 0000000140011e60 f   image.obj
 0001:00010f20       ?render@image@@QEAAXPEAUHDC__@@HHHHHH@Z 0000000140011f20 f   image.obj
 0001:00010fe0       ?loopRender@image@@QEAAXPEAUHDC__@@QEAUtagRECT@@HH@Z 0000000140011fe0 f   image.obj
 0001:00011180       ?alphaRender@image@@QEAAXPEAUHDC__@@HHE@Z 0000000140012180 f   image.obj
 0001:000112d0       ?aniRender@image@@QEAAXPEAUHDC__@@HHPEAVanimation@@@Z 00000001400122d0 f   image.obj
 0001:00011320       ?aniRedRender@image@@QEAAXPEAUHDC__@@HHPEAVanimation@@E@Z 0000000140012320 f   image.obj
 0001:00011380       ?alphaFrameRender@image@@QEAAXPEAUHDC__@@HHHHE@Z 0000000140012380 f   image.obj
 0001:00011500       ?alphaRedRender@image@@QEAAXPEAUHDC__@@HHHHHHE@Z 0000000140012500 f   image.obj
 0001:00011810       ?addImage@imageManager@@QEAAPEAVimage@@V?$basic_string@DU?$char_traits@D@std@@V?$allocator@D@2@@std@@HH@Z 0000000140012810 f   imageManager.obj
 0001:00011af0       ?addImage@imageManager@@QEAAPEAVimage@@V?$basic_string@DU?$char_traits@D@std@@V?$allocator@D@2@@std@@PEBDHH_NK@Z 0000000140012af0 f   imageManager.obj
 0001:00011d40       ?addFrameImage@imageManager@@QEAAPEAVimage@@V?$basic_string@DU?$char_traits@D@std@@V?$allocator@D@2@@std@@PEBDHHHH_NK@Z 0000000140012d40 f   imageManager.obj
 0001:00011fa0       ?findImage@imageManager@@QEAAPEAVimage@@V?$basic_string@DU?$char_traits@D@std@@V?$allocator@D@2@@std@@@Z 0000000140012fa0 f   imageManager.obj
 0001:00012090       ?render@imageManager@@QEAAXV?$basic_string@DU?$char_traits@D@std@@V?$allocator@D@2@@std@@PEAUHDC__@@HHHHHH@Z 0000000140013090 f   imageManager.obj
 0001:00012180       ?find@?$_Tree@V?$_Tmap_traits@V?$basic_string@DU?$char_traits@D@std@@V?$allocator@D@2@@std@@PEAVimage@@U?$less@V?$basic_string@DU?$char_traits@D@std@@V?$allocator@D@2@@std@@@2@V?$allocator@U?$pair@$$CBV?$basic_string@DU?$char_traits@D@std@@V?$allocator@D@2@@std@@PEAVimage@@@std@@@2@$0A@@std@@@std@@QEAA?AV?$_Tree_iterator@V?$_Tree_val@U?$_Tree_simple_types@U?$pair@$$CBV?$basic_string@DU?$char_traits@D@std@@V?$allocator@D@2@@std@@PEAVimage@@@std@@@std@@@std@@@2@AEBV?$basic_string@DU?$char_traits@D@std@@V?$allocator@D@2@@2@@Z 0000000140013180 f i imageManager.obj
 0001:00012280       ?_Erase@?$_Tree@V?$_Tmap_traits@V?$basic_string@DU?$char_traits@D@std@@V?$allocator@D@2@@std@@PEAPEAVSound@FMOD@@U?$less@V?$basic_string@DU?$char_traits@D@std@@V?$allocator@D@2@@std@@@2@V?$allocator@U?$pair@$$CBV?$basic_string@DU?$char_traits@D@std@@V?$allocator@D@2@@std@@PEAPEAVSound@FMOD@@@std@@@2@$0A@@std@@@std@@IEAAXPEAU?$_Tree_node@U?$pair@$$CBV?$basic_string@DU?$char_traits@D@std@@V?$allocator@D@2@@std@@PEAPEAVSound@FMOD@@@std@@PEAX@2@@Z 0000000140013280 f i soundManager.obj
 0001:00012280       ?_Erase@?$_Tree@V?$_Tmap_traits@V?$basic_string@DU?$char_traits@D@std@@V?$allocator@D@2@@std@@PEAVgameNode@@U?$less@V?$basic_string@DU?$char_traits@D@std@@V?$allocator@D@2@@std@@@2@V?$allocator@U?$pair@$$CBV?$basic_string@DU?$char_traits@D@std@@V?$allocator@D@2@@std@@PEAVgameNode@@@std@@@2@$0A@@std@@@std@@IEAAXPEAU?$_Tree_node@U?$pair@$$CBV?$basic_string@DU?$char_traits@D@std@@V?$allocator@D@2@@std@@PEAVgameNode@@@std@@PEAX@2@@Z 0000000140013280 f i sceneManager.obj
 0001:00012280       ?_Erase@?$_Tree@V?$_Tmap_traits@V?$basic_string@DU?$char_traits@D@std@@V?$allocator@D@2@@std@@PEAVimage@@U?$less@V?$basic_string@DU?$char_traits@D@std@@V?$allocator@D@2@@std@@@2@V?$allocator@U?$pair@$$CBV?$basic_string@DU?$char_traits@D@std@@V?$allocator@D@2@@std@@PEAVimage@@@std@@@2@$0A@@std@@@std@@IEAAXPEAU?$_Tree_node@U?$pair@$$CBV?$basic_string@DU?$char_traits@D@std@@V?$allocator@D@2@@std@@PEAVimage@@@std@@PEAX@2@@Z 0000000140013280 f i imageManager.obj
 0001:00012320       ??0?$_Tree_comp_alloc@V?$_Tmap_traits@V?$basic_string@DU?$char_traits@D@std@@V?$allocator@D@2@@std@@PEAVimage@@U?$less@V?$basic_string@DU?$char_traits@D@std@@V?$allocator@D@2@@std@@@2@V?$allocator@U?$pair@$$CBV?$basic_string@DU?$char_traits@D@std@@V?$allocator@D@2@@std@@PEAVimage@@@std@@@2@$0A@@std@@@std@@QEAA@AEBU?$less@V?$basic_string@DU?$char_traits@D@std@@V?$allocator@D@2@@std@@@1@@Z 0000000140013320 f i imageManager.obj
 0001:00012350       ?erase@?$_Tree@V?$_Tmap_traits@V?$basic_string@DU?$char_traits@D@std@@V?$allocator@D@2@@std@@PEAVimage@@U?$less@V?$basic_string@DU?$char_traits@D@std@@V?$allocator@D@2@@std@@@2@V?$allocator@U?$pair@$$CBV?$basic_string@DU?$char_traits@D@std@@V?$allocator@D@2@@std@@PEAVimage@@@std@@@2@$0A@@std@@@std@@QEAA?AV?$_Tree_iterator@V?$_Tree_val@U?$_Tree_simple_types@U?$pair@$$CBV?$basic_string@DU?$char_traits@D@std@@V?$allocator@D@2@@std@@PEAVimage@@@std@@@std@@@std@@@2@V?$_Tree_const_iterator@V?$_Tree_val@U?$_Tree_simple_types@U?$pair@$$CBV?$basic_string@DU?$char_traits@D@std@@V?$allocator@D@2@@std@@PEAVimage@@@std@@@std@@@std@@@2@@Z 0000000140013350 f i imageManager.obj
 0001:00012350       ?erase@?$_Tree@V?$_Tmap_traits@V?$basic_string@DU?$char_traits@D@std@@V?$allocator@D@2@@std@@PEAVgameNode@@U?$less@V?$basic_string@DU?$char_traits@D@std@@V?$allocator@D@2@@std@@@2@V?$allocator@U?$pair@$$CBV?$basic_string@DU?$char_traits@D@std@@V?$allocator@D@2@@std@@PEAVgameNode@@@std@@@2@$0A@@std@@@std@@QEAA?AV?$_Tree_iterator@V?$_Tree_val@U?$_Tree_simple_types@U?$pair@$$CBV?$basic_string@DU?$char_traits@D@std@@V?$allocator@D@2@@std@@PEAVgameNode@@@std@@@std@@@std@@@2@V?$_Tree_const_iterator@V?$_Tree_val@U?$_Tree_simple_types@U?$pair@$$CBV?$basic_string@DU?$char_traits@D@std@@V?$allocator@D@2@@std@@PEAVgameNode@@@std@@@std@@@std@@@2@@Z 0000000140013350 f i sceneManager.obj
 0001:00012430       ?_Buyheadnode@?$_Tree_comp_alloc@V?$_Tmap_traits@V?$basic_string@DU?$char_traits@D@std@@V?$allocator@D@2@@std@@PEAPEAVSound@FMOD@@U?$less@V?$basic_string@DU?$char_traits@D@std@@V?$allocator@D@2@@std@@@2@V?$allocator@U?$pair@$$CBV?$basic_string@DU?$char_traits@D@std@@V?$allocator@D@2@@std@@PEAPEAVSound@FMOD@@@std@@@2@$0A@@std@@@std@@QEAAPEAU?$_Tree_node@U?$pair@$$CBV?$basic_string@DU?$char_traits@D@std@@V?$allocator@D@2@@std@@PEAPEAVSound@FMOD@@@std@@PEAX@2@XZ 0000000140013430 f i soundManager.obj
 0001:00012430       ?_Buyheadnode@?$_Tree_comp_alloc@V?$_Tmap_traits@V?$basic_string@DU?$char_traits@D@std@@V?$allocator@D@2@@std@@PEAVgameNode@@U?$less@V?$basic_string@DU?$char_traits@D@std@@V?$allocator@D@2@@std@@@2@V?$allocator@U?$pair@$$CBV?$basic_string@DU?$char_traits@D@std@@V?$allocator@D@2@@std@@PEAVgameNode@@@std@@@2@$0A@@std@@@std@@QEAAPEAU?$_Tree_node@U?$pair@$$CBV?$basic_string@DU?$char_traits@D@std@@V?$allocator@D@2@@std@@PEAVgameNode@@@std@@PEAX@2@XZ 0000000140013430 f i sceneManager.obj
 0001:00012430       ?_Buyheadnode@?$_Tree_comp_alloc@V?$_Tmap_traits@V?$basic_string@DU?$char_traits@D@std@@V?$allocator@D@2@@std@@PEAVimage@@U?$less@V?$basic_string@DU?$char_traits@D@std@@V?$allocator@D@2@@std@@@2@V?$allocator@U?$pair@$$CBV?$basic_string@DU?$char_traits@D@std@@V?$allocator@D@2@@std@@PEAVimage@@@std@@@2@$0A@@std@@@std@@QEAAPEAU?$_Tree_node@U?$pair@$$CBV?$basic_string@DU?$char_traits@D@std@@V?$allocator@D@2@@std@@PEAVimage@@@std@@PEAX@2@XZ 0000000140013430 f i imageManager.obj
 0001:00012460       ??$_Buynode@U?$pair@V?$basic_string@DU?$char_traits@D@std@@V?$allocator@D@2@@std@@PEAVimage@@@std@@@?$_Tree_comp_alloc@V?$_Tmap_traits@V?$basic_string@DU?$char_traits@D@std@@V?$allocator@D@2@@std@@PEAVimage@@U?$less@V?$basic_string@DU?$char_traits@D@std@@V?$allocator@D@2@@std@@@2@V?$allocator@U?$pair@$$CBV?$basic_string@DU?$char_traits@D@std@@V?$allocator@D@2@@std@@PEAVimage@@@std@@@2@$0A@@std@@@std@@QEAAPEAU?$_Tree_node@U?$pair@$$CBV?$basic_string@DU?$char_traits@D@std@@V?$allocator@D@2@@std@@PEAVimage@@@std@@PEAX@1@$$QEAU?$pair@V?$basic_string@DU?$char_traits@D@std@@V?$allocator@D@2@@std@@PEAVimage@@@1@@Z 0000000140013460 f i imageManager.obj
 0001:00012460       ??$_Buynode@U?$pair@V?$basic_string@DU?$char_traits@D@std@@V?$allocator@D@2@@std@@PEAVgameNode@@@std@@@?$_Tree_comp_alloc@V?$_Tmap_traits@V?$basic_string@DU?$char_traits@D@std@@V?$allocator@D@2@@std@@PEAVgameNode@@U?$less@V?$basic_string@DU?$char_traits@D@std@@V?$allocator@D@2@@std@@@2@V?$allocator@U?$pair@$$CBV?$basic_string@DU?$char_traits@D@std@@V?$allocator@D@2@@std@@PEAVgameNode@@@std@@@2@$0A@@std@@@std@@QEAAPEAU?$_Tree_node@U?$pair@$$CBV?$basic_string@DU?$char_traits@D@std@@V?$allocator@D@2@@std@@PEAVgameNode@@@std@@PEAX@1@$$QEAU?$pair@V?$basic_string@DU?$char_traits@D@std@@V?$allocator@D@2@@std@@PEAVgameNode@@@1@@Z 0000000140013460 f i sceneManager.obj
 0001:000124b0       ??$_Insert_nohint@AEAU?$pair@$$CBV?$basic_string@DU?$char_traits@D@std@@V?$allocator@D@2@@std@@PEAVimage@@@std@@PEAU?$_Tree_node@U?$pair@$$CBV?$basic_string@DU?$char_traits@D@std@@V?$allocator@D@2@@std@@PEAVimage@@@std@@PEAX@2@@?$_Tree@V?$_Tmap_traits@V?$basic_string@DU?$char_traits@D@std@@V?$allocator@D@2@@std@@PEAVimage@@U?$less@V?$basic_string@DU?$char_traits@D@std@@V?$allocator@D@2@@std@@@2@V?$allocator@U?$pair@$$CBV?$basic_string@DU?$char_traits@D@std@@V?$allocator@D@2@@std@@PEAVimage@@@std@@@2@$0A@@std@@@std@@IEAA?AU?$pair@V?$_Tree_iterator@V?$_Tree_val@U?$_Tree_simple_types@U?$pair@$$CBV?$basic_string@DU?$char_traits@D@std@@V?$allocator@D@2@@std@@PEAVimage@@@std@@@std@@@std@@@std@@_N@1@_NAEAU?$pair@$$CBV?$basic_string@DU?$char_traits@D@std@@V?$allocator@D@2@@std@@PEAVimage@@@1@PEAU?$_Tree_node@U?$pair@$$CBV?$basic_string@DU?$char_traits@D@std@@V?$allocator@D@2@@std@@PEAVimage@@@std@@PEAX@1@@Z 00000001400134b0 f i imageManager.obj
 0001:000124b0       ??$_Insert_nohint@AEAU?$pair@$$CBV?$basic_string@DU?$char_traits@D@std@@V?$allocator@D@2@@std@@PEAVgameNode@@@std@@PEAU?$_Tree_node@U?$pair@$$CBV?$basic_string@DU?$char_traits@D@std@@V?$allocator@D@2@@std@@PEAVgameNode@@@std@@PEAX@2@@?$_Tree@V?$_Tmap_traits@V?$basic_string@DU?$char_traits@D@std@@V?$allocator@D@2@@std@@PEAVgameNode@@U?$less@V?$basic_string@DU?$char_traits@D@std@@V?$allocator@D@2@@std@@@2@V?$allocator@U?$pair@$$CBV?$basic_string@DU?$char_traits@D@std@@V?$allocator@D@2@@std@@PEAVgameNode@@@std@@@2@$0A@@std@@@std@@IEAA?AU?$pair@V?$_Tree_iterator@V?$_Tree_val@U?$_Tree_simple_types@U?$pair@$$CBV?$basic_string@DU?$char_traits@D@std@@V?$allocator@D@2@@std@@PEAVgameNode@@@std@@@std@@@std@@@std@@_N@1@_NAEAU?$pair@$$CBV?$basic_string@DU?$char_traits@D@std@@V?$allocator@D@2@@std@@PEAVgameNode@@@1@PEAU?$_Tree_node@U?$pair@$$CBV?$basic_string@DU?$char_traits@D@std@@V?$allocator@D@2@@std@@PEAVgameNode@@@std@@PEAX@1@@Z 00000001400134b0 f i sceneManager.obj
 0001:000126e0       ?_Buynode0@?$_Tree_comp_alloc@V?$_Tmap_traits@V?$basic_string@DU?$char_traits@D@std@@V?$allocator@D@2@@std@@PEAVimage@@U?$less@V?$basic_string@DU?$char_traits@D@std@@V?$allocator@D@2@@std@@@2@V?$allocator@U?$pair@$$CBV?$basic_string@DU?$char_traits@D@std@@V?$allocator@D@2@@std@@PEAVimage@@@std@@@2@$0A@@std@@@std@@QEAAPEAU?$_Tree_node@U?$pair@$$CBV?$basic_string@DU?$char_traits@D@std@@V?$allocator@D@2@@std@@PEAVimage@@@std@@PEAX@2@XZ 00000001400136e0 f i imageManager.obj
 0001:000126e0       ?_Buynode0@?$_Tree_comp_alloc@V?$_Tmap_traits@V?$basic_string@DU?$char_traits@D@std@@V?$allocator@D@2@@std@@PEAVgameNode@@U?$less@V?$basic_string@DU?$char_traits@D@std@@V?$allocator@D@2@@std@@@2@V?$allocator@U?$pair@$$CBV?$basic_string@DU?$char_traits@D@std@@V?$allocator@D@2@@std@@PEAVgameNode@@@std@@@2@$0A@@std@@@std@@QEAAPEAU?$_Tree_node@U?$pair@$$CBV?$basic_string@DU?$char_traits@D@std@@V?$allocator@D@2@@std@@PEAVgameNode@@@std@@PEAX@2@XZ 00000001400136e0 f i sceneManager.obj
 0001:00012710       ?_Destroy_if_node@?$_Tree@V?$_Tmap_traits@V?$basic_string@DU?$char_traits@D@std@@V?$allocator@D@2@@std@@PEAVimage@@U?$less@V?$basic_string@DU?$char_traits@D@std@@V?$allocator@D@2@@std@@@2@V?$allocator@U?$pair@$$CBV?$basic_string@DU?$char_traits@D@std@@V?$allocator@D@2@@std@@PEAVimage@@@std@@@2@$0A@@std@@@std@@IEAAXPEAU?$_Tree_node@U?$pair@$$CBV?$basic_string@DU?$char_traits@D@std@@V?$allocator@D@2@@std@@PEAVimage@@@std@@PEAX@2@@Z 0000000140013710 f i imageManager.obj
 0001:00012710       ?_Destroy_if_node@?$_Tree@V?$_Tmap_traits@V?$basic_string@DU?$char_traits@D@std@@V?$allocator@D@2@@std@@PEAVgameNode@@U?$less@V?$basic_string@DU?$char_traits@D@std@@V?$allocator@D@2@@std@@@2@V?$allocator@U?$pair@$$CBV?$basic_string@DU?$char_traits@D@std@@V?$allocator@D@2@@std@@PEAVgameNode@@@std@@@2@$0A@@std@@@std@@IEAAXPEAU?$_Tree_node@U?$pair@$$CBV?$basic_string@DU?$char_traits@D@std@@V?$allocator@D@2@@std@@PEAVgameNode@@@std@@PEAX@2@@Z 0000000140013710 f i sceneManager.obj
 0001:00012780       ??$_Insert_at@AEAU?$pair@$$CBV?$basic_string@DU?$char_traits@D@std@@V?$allocator@D@2@@std@@PEAVimage@@@std@@PEAU?$_Tree_node@U?$pair@$$CBV?$basic_string@DU?$char_traits@D@std@@V?$allocator@D@2@@std@@PEAVimage@@@std@@PEAX@2@@?$_Tree@V?$_Tmap_traits@V?$basic_string@DU?$char_traits@D@std@@V?$allocator@D@2@@std@@PEAVimage@@U?$less@V?$basic_string@DU?$char_traits@D@std@@V?$allocator@D@2@@std@@@2@V?$allocator@U?$pair@$$CBV?$basic_string@DU?$char_traits@D@std@@V?$allocator@D@2@@std@@PEAVimage@@@std@@@2@$0A@@std@@@std@@IEAA?AV?$_Tree_iterator@V?$_Tree_val@U?$_Tree_simple_types@U?$pair@$$CBV?$basic_string@DU?$char_traits@D@std@@V?$allocator@D@2@@std@@PEAVimage@@@std@@@std@@@std@@@1@_NPEAU?$_Tree_node@U?$pair@$$CBV?$basic_string@DU?$char_traits@D@std@@V?$allocator@D@2@@std@@PEAVimage@@@std@@PEAX@1@AEAU?$pair@$$CBV?$basic_string@DU?$char_traits@D@std@@V?$allocator@D@2@@std@@PEAVimage@@@1@1@Z 0000000140013780 f i imageManager.obj
 0001:00012780       ??$_Insert_at@AEAU?$pair@$$CBV?$basic_string@DU?$char_traits@D@std@@V?$allocator@D@2@@std@@PEAVgameNode@@@std@@PEAU?$_Tree_node@U?$pair@$$CBV?$basic_string@DU?$char_traits@D@std@@V?$allocator@D@2@@std@@PEAVgameNode@@@std@@PEAX@2@@?$_Tree@V?$_Tmap_traits@V?$basic_string@DU?$char_traits@D@std@@V?$allocator@D@2@@std@@PEAVgameNode@@U?$less@V?$basic_string@DU?$char_traits@D@std@@V?$allocator@D@2@@std@@@2@V?$allocator@U?$pair@$$CBV?$basic_string@DU?$char_traits@D@std@@V?$allocator@D@2@@std@@PEAVgameNode@@@std@@@2@$0A@@std@@@std@@IEAA?AV?$_Tree_iterator@V?$_Tree_val@U?$_Tree_simple_types@U?$pair@$$CBV?$basic_string@DU?$char_traits@D@std@@V?$allocator@D@2@@std@@PEAVgameNode@@@std@@@std@@@std@@@1@_NPEAU?$_Tree_node@U?$pair@$$CBV?$basic_string@DU?$char_traits@D@std@@V?$allocator@D@2@@std@@PEAVgameNode@@@std@@PEAX@1@AEAU?$pair@$$CBV?$basic_string@DU?$char_traits@D@std@@V?$allocator@D@2@@std@@PEAVgameNode@@@1@1@Z 0000000140013780 f i sceneManager.obj
 0001:00012a30       ?isOnceKeyDown@keyManager@@QEAA_NH@Z 0000000140013a30 f   keyManager.obj
 0001:00012af0       ?isOnceKeyUp@keyManager@@QEAA_NH@Z 0000000140013af0 f   keyManager.obj
 0001:00012bb0       ?_Xran@?$bitset@$0BAA@@std@@AEBAXXZ 0000000140013bb0 f i keyManager.obj
 0001:00012bd0       ??0pixelCollsion@@QEAA@XZ  0000000140013bd0 f   pixelCollsion.obj
 0001:00012c20       ??_GpixelCollsion@@UEAAPEAXI@Z 0000000140013c20 f i pixelCollsion.obj
 0001:00012c20       ??_EpixelCollsion@@UEAAPEAXI@Z 0000000140013c20 f i * CIL library *:* CIL module *
 0001:00012c90       ?init@pixelCollsion@@UEAAJXZ 0000000140013c90 f   pixelCollsion.obj
 0001:00012cf0       ?update@pixelCollsion@@UEAAXXZ 0000000140013cf0 f   pixelCollsion.obj
 0001:00013240       ??0?$basic_string@DU?$char_traits@D@std@@V?$allocator@D@2@@std@@QEAA@XZ 0000000140014240 f i pixelCollsion.obj
 0001:00013260       ?init@player@@UEAAJXZ      0000000140014260 f   player.obj
 0001:00014170       ?update@player@@UEAAXXZ    0000000140015170 f   player.obj
 0001:00015560       ?render@player@@UEAAXXZ    0000000140016560 f   player.obj
 0001:000159e0       ?setAnimation@player@@QEAAXW4PLAYERSTATE@@@Z 00000001400169e0 f   player.obj
 0001:000160c0       ?fireChargeBullet@player@@QEAAXXZ 00000001400170c0 f   player.obj
 0001:000162d0       ?checkBulletCollision@player@@QEAA_NUtagMYRECT@TTYONE_UTIL@@@Z 00000001400172d0 f   player.obj
 0001:000163a0       ??_EplayGround@@UEAAPEAXI@Z 00000001400173a0 f i * CIL library *:* CIL module *
 0001:000163a0       ??_GplayGround@@UEAAPEAXI@Z 00000001400173a0 f i playGround.obj
 0001:000163f0       ?init@playGround@@UEAAJXZ  00000001400173f0 f   playGround.obj
 0001:00018900       ??0player@@QEAA@XZ         0000000140019900 f i playGround.obj
 0001:00018940       ?__autoclassinit2@player@@QEAAX_K@Z 0000000140019940 f i playGround.obj
 0001:00018950       ??0stageManager@@QEAA@XZ   0000000140019950 f i playGround.obj
 0001:000189a0       ?__autoclassinit2@stageManager@@QEAAX_K@Z 00000001400199a0 f i playGround.obj
 0001:000189b0       ?__autoclassinit2@pixelCollsion@@QEAAX_K@Z 00000001400199b0 f i playGround.obj
 0001:000189c0       ?__autoclassinit2@?$vector@V?$basic_string@DU?$char_traits@D@std@@V?$allocator@D@2@@std@@V?$allocator@V?$basic_string@DU?$char_traits@D@std@@V?$allocator@D@2@@std@@@2@@std@@QEAAX_K@Z 00000001400199c0 f i playGround.obj
 0001:000189d0       ??_Eplayer@@UEAAPEAXI@Z    00000001400199d0 f i * CIL library *:* CIL module *
 0001:000189d0       ??_Gplayer@@UEAAPEAXI@Z    00000001400199d0 f i playGround.obj
 0001:00018a70       ??_EstageManager@@UEAAPEAXI@Z 0000000140019a70 f i * CIL library *:* CIL module *
 0001:00018a70       ??_GstageManager@@UEAAPEAXI@Z 0000000140019a70 f i playGround.obj
 0001:00018ac0       ?update@playGround@@UEAAXXZ 0000000140019ac0 f   playGround.obj
 0001:00018c40       ?render@playGround@@UEAAXXZ 0000000140019c40 f   playGround.obj
 0001:00019110       ??A?$vector@V?$basic_string@DU?$char_traits@D@std@@V?$allocator@D@2@@std@@V?$allocator@V?$basic_string@DU?$char_traits@D@std@@V?$allocator@D@2@@std@@@2@@std@@QEAAAEAV?$basic_string@DU?$char_traits@D@std@@V?$allocator@D@2@@1@_K@Z 000000014001a110 f i playGround.obj
 0001:00019120       ??$?6DU?$char_traits@D@std@@V?$allocator@D@1@@std@@YAAEAV?$basic_ostream@DU?$char_traits@D@std@@@0@AEAV10@AEBV?$basic_string@DU?$char_traits@D@std@@V?$allocator@D@2@@0@@Z 000000014001a120 f i playGround.obj
 0001:00019140       ??$_Insert_string@DU?$char_traits@D@std@@_K@std@@YAAEAV?$basic_ostream@DU?$char_traits@D@std@@@0@AEAV10@QEBD_K@Z 000000014001a140 f i playGround.obj
 0001:00019320       ??_GprogressBar@@UEAAPEAXI@Z 000000014001a320 f i progressBar.obj
 0001:00019320       ??_EprogressBar@@UEAAPEAXI@Z 000000014001a320 f i * CIL library *:* CIL module *
 0001:00019350       ?update@progressBar@@UEAAXXZ 000000014001a350 f   progressBar.obj
 0001:000193c0       ?render@progressBar@@UEAAXXZ 000000014001a3c0 f   progressBar.obj
 0001:00019590       ?addScene@sceneManager@@QEAAPEAVgameNode@@V?$basic_string@DU?$char_traits@D@std@@V?$allocator@D@2@@std@@PEAV2@@Z 000000014001a590 f   sceneManager.obj
 0001:00019700       ?changeScene@sceneManager@@QEAAJV?$basic_string@DU?$char_traits@D@std@@V?$allocator@D@2@@std@@@Z 000000014001a700 f   sceneManager.obj
 0001:00019980       ?erase@?$_Tree@V?$_Tmap_traits@V?$basic_string@DU?$char_traits@D@std@@V?$allocator@D@2@@std@@PEAPEAVSound@FMOD@@U?$less@V?$basic_string@DU?$char_traits@D@std@@V?$allocator@D@2@@std@@@2@V?$allocator@U?$pair@$$CBV?$basic_string@DU?$char_traits@D@std@@V?$allocator@D@2@@std@@PEAPEAVSound@FMOD@@@std@@@2@$0A@@std@@@std@@QEAA?AV?$_Tree_iterator@V?$_Tree_val@U?$_Tree_simple_types@U?$pair@$$CBV?$basic_string@DU?$char_traits@D@std@@V?$allocator@D@2@@std@@PEAPEAVSound@FMOD@@@std@@@std@@@std@@@2@V?$_Tree_const_iterator@V?$_Tree_val@U?$_Tree_simple_types@U?$pair@$$CBV?$basic_string@DU?$char_traits@D@std@@V?$allocator@D@2@@std@@PEAPEAVSound@FMOD@@@std@@@std@@@std@@@2@0@Z 000000014001a980 f i soundManager.obj
 0001:00019b20       ?init@stageManager@@UEAAJXZ 000000014001ab20 f   stageManager.obj
 0001:0001a4c0       ?update@stageManager@@UEAAXXZ 000000014001b4c0 f   stageManager.obj
 0001:0001a950       ?render@stageManager@@UEAAXXZ 000000014001b950 f   stageManager.obj
 0001:0001a9c0       ?moveNextStage@stageManager@@QEAAXXZ 000000014001b9c0 f   stageManager.obj
 0001:0001aa50       ?movePrevStage@stageManager@@QEAAXXZ 000000014001ba50 f   stageManager.obj
 0001:0001aaf0       ?moveBossStage@stageManager@@QEAAXH@Z 000000014001baf0 f   stageManager.obj
 0001:0001ab80       ??0witch@@QEAA@XZ          000000014001bb80 f i stageManager.obj
 0001:0001ac90       ??0rell@@QEAA@XZ           000000014001bc90 f i stageManager.obj
 0001:0001ae00       ??_Eoko@@UEAAPEAXI@Z       000000014001be00 f i * CIL library *:* CIL module *
 0001:0001ae00       ??_Goko@@UEAAPEAXI@Z       000000014001be00 f i stageManager.obj
 0001:0001ae30       ??_Emonkey@@UEAAPEAXI@Z    000000014001be30 f i * CIL library *:* CIL module *
 0001:0001ae30       ??_Ebakman@@UEAAPEAXI@Z    000000014001be30 f i * CIL library *:* CIL module *
 0001:0001ae30       ??_Gbakman@@UEAAPEAXI@Z    000000014001be30 f i stageManager.obj
 0001:0001ae30       ??_Gmonkey@@UEAAPEAXI@Z    000000014001be30 f i stageManager.obj
 0001:0001ae60       ??_Eprim@@UEAAPEAXI@Z      000000014001be60 f i * CIL library *:* CIL module *
 0001:0001ae60       ??_Gprim@@UEAAPEAXI@Z      000000014001be60 f i stageManager.obj
 0001:0001ae90       ??_Ewitch@@UEAAPEAXI@Z     000000014001be90 f i * CIL library *:* CIL module *
 0001:0001ae90       ??_Gwitch@@UEAAPEAXI@Z     000000014001be90 f i stageManager.obj
 0001:0001aec0       ??_Erell@@UEAAPEAXI@Z      000000014001bec0 f i * CIL library *:* CIL module *
 0001:0001aec0       ??_Grell@@UEAAPEAXI@Z      000000014001bec0 f i stageManager.obj
 0001:0001aef0       ??$_Emplace_reallocate@V?$basic_string@DU?$char_traits@D@std@@V?$allocator@D@2@@std@@@?$vector@V?$basic_string@DU?$char_traits@D@std@@V?$allocator@D@2@@std@@V?$allocator@V?$basic_string@DU?$char_traits@D@std@@V?$allocator@D@2@@std@@@2@@std@@QEAAPEAV?$basic_string@DU?$char_traits@D@std@@V?$allocator@D@2@@1@QEAV21@$$QEAV21@@Z 000000014001bef0 f i stageManager.obj
 0001:0001b0c0       ??$_Uninitialized_move@PEAV?$basic_string@DU?$char_traits@D@std@@V?$allocator@D@2@@std@@PEAV12@V?$allocator@V?$basic_string@DU?$char_traits@D@std@@V?$allocator@D@2@@std@@@2@@std@@YAPEAV?$basic_string@DU?$char_traits@D@std@@V?$allocator@D@2@@0@QEAV10@0PEAV10@AEAV?$allocator@V?$basic_string@DU?$char_traits@D@std@@V?$allocator@D@2@@std@@@0@@Z 000000014001c0c0 f i stageManager.obj
 0001:0001b150       ?parsingEnemyData@stageEnemyManager@@QEAAXPEBDAEAV?$vector@PEAVenemy@@V?$allocator@PEAVenemy@@@std@@@std@@@Z 000000014001c150 f   stageEnemyManager.obj
 0001:0001b600       ??$sprintf_s@$0BAA@@@YAHAEAY0BAA@DPEBDZZ 000000014001c600 f i timeManager.obj
 0001:0001b660       __local_stdio_printf_options 000000014001c660 f i timeManager.obj
 0001:0001b670       ?txtLoad@txtData@@QEAA?AV?$vector@V?$basic_string@DU?$char_traits@D@std@@V?$allocator@D@2@@std@@V?$allocator@V?$basic_string@DU?$char_traits@D@std@@V?$allocator@D@2@@std@@@2@@std@@PEBD@Z 000000014001c670 f   txtData.obj
 0001:0001b730       ?charArraySeparation@txtData@@QEAA?AV?$vector@V?$basic_string@DU?$char_traits@D@std@@V?$allocator@D@2@@std@@V?$allocator@V?$basic_string@DU?$char_traits@D@std@@V?$allocator@D@2@@std@@@2@@std@@QEAD@Z 000000014001c730 f   txtData.obj
 0001:0001b920       ?getAngle@TTYONE_UTIL@@YAMMMMM@Z 000000014001c920 f   utils.obj
 0001:0001b9b0       WinMain                    000000014001c9b0 f   windowsAPI.obj
 0001:0001bcc0       ?WndProc@@YA_JPEAUHWND__@@I_K_J@Z 000000014001ccc0 f   windowsAPI.obj
 0001:0001bd60       __security_check_cookie    000000014001cd60 f   MSVCRT:amdsecgs.obj
 0001:0001bd84       ??3@YAXPEAX_K@Z            000000014001cd84 f   MSVCRT:delete_scalar_size.obj
 0001:0001bd8c       ??2@YAPEAX_K@Z             000000014001cd8c f   MSVCRT:new_scalar.obj
 0001:0001bdc8       ??_Gtype_info@@UEAAPEAXI@Z 000000014001cdc8 f i MSVCRT:std_type_info_static.obj
 0001:0001bdc8       ??_Etype_info@@UEAAPEAXI@Z 000000014001cdc8 f i MSVCRT:std_type_info_static.obj
 0001:0001bdf4       ??_U@YAPEAX_K@Z            000000014001cdf4 f   MSVCRT:new_array.obj
 0001:0001bdfc       ??_L@YAXPEAX_K1P6AX0@Z2@Z  000000014001cdfc f   MSVCRT:ehvecctr.obj
 0001:0001be6c       ??_M@YAXPEAX_K1P6AX0@Z@Z   000000014001ce6c f   MSVCRT:ehvecdtr.obj
 0001:0001bed8       ?__ArrayUnwind@@YAXPEAX_K1P6AX0@Z@Z 000000014001ced8 f   MSVCRT:ehvecdtr.obj
 0001:0001bf3c       __scrt_acquire_startup_lock 000000014001cf3c f   MSVCRT:utility.obj
 0001:0001bf78       __scrt_initialize_crt      000000014001cf78 f   MSVCRT:utility.obj
 0001:0001bfc4       __scrt_initialize_onexit_tables 000000014001cfc4 f   MSVCRT:utility.obj
 0001:0001c09c       __scrt_is_nonwritable_in_current_image 000000014001d09c f   MSVCRT:utility.obj
 0001:0001c138       __scrt_release_startup_lock 000000014001d138 f   MSVCRT:utility.obj
 0001:0001c15c       __scrt_uninitialize_crt    000000014001d15c f   MSVCRT:utility.obj
 0001:0001c188       _onexit                    000000014001d188 f   MSVCRT:utility.obj
 0001:0001c1d8       atexit                     000000014001d1d8 f   MSVCRT:utility.obj
 0001:0001c448       WinMainCRTStartup          000000014001d448 f   MSVCRT:exe_winmain.obj
 0001:0001c45c       __raise_securityfailure    000000014001d45c f   MSVCRT:gs_report.obj
 0001:0001c490       __report_gsfailure         000000014001d490 f   MSVCRT:gs_report.obj
 0001:0001c5d8       ??3@YAXPEAX@Z              000000014001d5d8 f   MSVCRT:delete_scalar.obj
 0001:0001c5e0       ??0bad_alloc@std@@QEAA@AEBV01@@Z 000000014001d5e0 f i MSVCRT:throw_bad_alloc.obj
 0001:0001c620       ??0bad_alloc@std@@QEAA@XZ  000000014001d620 f i MSVCRT:throw_bad_alloc.obj
 0001:0001c640       ??0bad_array_new_length@std@@QEAA@AEBV01@@Z 000000014001d640 f i MSVCRT:throw_bad_alloc.obj
 0001:0001c680       ??0bad_array_new_length@std@@QEAA@XZ 000000014001d680 f i MSVCRT:throw_bad_alloc.obj
 0001:0001c6a0       ??0exception@std@@QEAA@AEBV01@@Z 000000014001d6a0 f i MSVCRT:throw_bad_alloc.obj
 0001:0001c6d8       ??1bad_array_new_length@std@@UEAA@XZ 000000014001d6d8 f i MSVCRT:throw_bad_alloc.obj
 0001:0001c6d8       ??1bad_alloc@std@@UEAA@XZ  000000014001d6d8 f i MSVCRT:throw_bad_alloc.obj
 0001:0001c6ec       ??_Gbad_alloc@std@@UEAAPEAXI@Z 000000014001d6ec f i MSVCRT:throw_bad_alloc.obj
 0001:0001c6ec       ??_Gbad_array_new_length@std@@UEAAPEAXI@Z 000000014001d6ec f i MSVCRT:throw_bad_alloc.obj
 0001:0001c6ec       ??_Eexception@std@@UEAAPEAXI@Z 000000014001d6ec f i MSVCRT:throw_bad_alloc.obj
 0001:0001c6ec       ??_Ebad_alloc@std@@UEAAPEAXI@Z 000000014001d6ec f i MSVCRT:throw_bad_alloc.obj
 0001:0001c6ec       ??_Gexception@std@@UEAAPEAXI@Z 000000014001d6ec f i MSVCRT:throw_bad_alloc.obj
 0001:0001c6ec       ??_Ebad_array_new_length@std@@UEAAPEAXI@Z 000000014001d6ec f i MSVCRT:throw_bad_alloc.obj
 0001:0001c730       ?__scrt_throw_std_bad_alloc@@YAXXZ 000000014001d730 f   MSVCRT:throw_bad_alloc.obj
 0001:0001c750       ?__scrt_throw_std_bad_array_new_length@@YAXXZ 000000014001d750 f   MSVCRT:throw_bad_alloc.obj
 0001:0001c770       ?what@exception@std@@UEBAPEBDXZ 000000014001d770 f i MSVCRT:throw_bad_alloc.obj
 0001:0001c784       __isa_available_init       000000014001d784 f   MSVCRT:cpu_disp.obj
 0001:0001c900       _get_startup_argv_mode     000000014001d900 f   MSVCRT:argv_mode.obj
 0001:0001c908       __scrt_is_ucrt_dll_in_use  000000014001d908 f   MSVCRT:ucrt_detection.obj
 0001:0001c914       __crt_debugger_hook        000000014001d914 f   MSVCRT:utility_desktop.obj
 0001:0001c91c       __scrt_fastfail            000000014001d91c f   MSVCRT:utility_desktop.obj
 0001:0001ca68       __scrt_get_show_window_mode 000000014001da68 f   MSVCRT:utility_desktop.obj
 0001:0001caa4       __scrt_initialize_mta      000000014001daa4 f   MSVCRT:utility_desktop.obj
 0001:0001caac       __scrt_stub_for_initialize_mta 000000014001daac f   MSVCRT:utility_desktop.obj
 0001:0001caac       _get_startup_thread_locale_mode 000000014001daac f   MSVCRT:thread_locale.obj
 0001:0001caac       _get_startup_commit_mode   000000014001daac f   MSVCRT:commit_mode.obj
 0001:0001caac       _get_startup_new_mode      000000014001daac f   MSVCRT:new_mode.obj
 0001:0001caac       __scrt_initialize_winrt    000000014001daac f   MSVCRT:utility_desktop.obj
 0001:0001caac       __scrt_exe_initialize_mta  000000014001daac f   MSVCRT:utility_desktop.obj
 0001:0001caac       _matherr                   000000014001daac f   MSVCRT:matherr.obj
 0001:0001cab0       __scrt_is_managed_app      000000014001dab0 f   MSVCRT:utility_desktop.obj
 0001:0001cb04       __scrt_set_unhandled_exception_filter 000000014001db04 f   MSVCRT:utility_desktop.obj
 0001:0001cb14       __scrt_unhandled_exception_filter 000000014001db14 f   MSVCRT:utility_desktop.obj
 0001:0001cb4c       __security_init_cookie     000000014001db4c f   MSVCRT:gs_support.obj
 0001:0001cbf8       _get_startup_file_mode     000000014001dbf8 f   MSVCRT:file_mode.obj
 0001:0001cc00       ?__scrt_initialize_type_info@@YAXXZ 000000014001dc00 f   MSVCRT:tncleanup.obj
 0001:0001cc10       __scrt_stub_for_acrt_uninitialize 000000014001dc10 f   MSVCRT:ucrt_stubs.obj
 0001:0001cc10       __scrt_stub_for_acrt_initialize 000000014001dc10 f   MSVCRT:ucrt_stubs.obj
 0001:0001cc10       __acrt_initialize          000000014001dc10 f   MSVCRT:ucrt_stubs.obj
 0001:0001cc10       __vcrt_uninitialize        000000014001dc10 f   MSVCRT:ucrt_stubs.obj
 0001:0001cc10       __acrt_uninitialize        000000014001dc10 f   MSVCRT:ucrt_stubs.obj
 0001:0001cc10       __vcrt_initialize          000000014001dc10 f   MSVCRT:ucrt_stubs.obj
 0001:0001cc10       _should_initialize_environment 000000014001dc10 f   MSVCRT:env_mode.obj
 0001:0001cc14       __local_stdio_scanf_options 000000014001dc14 f i MSVCRT:default_local_stdio_options.obj
 0001:0001cc1c       __scrt_initialize_default_local_stdio_options 000000014001dc1c f   MSVCRT:default_local_stdio_options.obj
 0001:0001cc38       __scrt_is_user_matherr_present 000000014001dc38 f   MSVCRT:matherr_detection.obj
 0001:0001cc44       __scrt_get_dyn_tls_init_callback 000000014001dc44 f   MSVCRT:dyn_tls_init.obj
 0001:0001cc4c       __scrt_get_dyn_tls_dtor_callback 000000014001dc4c f   MSVCRT:dyn_tls_dtor.obj
 0001:0001cc54       _RTC_Initialize            000000014001dc54 f   MSVCRT:initsect.obj
 0001:0001cc90       _RTC_Terminate             000000014001dc90 f   MSVCRT:initsect.obj
 0001:0001ccd0       __CxxFrameHandler3         000000014001dcd0 f   vcruntime:VCRUNTIME140.dll
 0001:0001ccd6       __std_terminate            000000014001dcd6 f   vcruntime:VCRUNTIME140.dll
 0001:0001ccdc       __C_specific_handler       000000014001dcdc f   vcruntime:VCRUNTIME140.dll
 0001:0001cce2       __std_exception_copy       000000014001dce2 f   vcruntime:VCRUNTIME140.dll
 0001:0001cce8       __std_exception_destroy    000000014001dce8 f   vcruntime:VCRUNTIME140.dll
 0001:0001ccee       _CxxThrowException         000000014001dcee f   vcruntime:VCRUNTIME140.dll
 0001:0001ccf4       memset                     000000014001dcf4 f   vcruntime:VCRUNTIME140.dll
 0001:0001ccfa       _callnewh                  000000014001dcfa f   ucrt:api-ms-win-crt-heap-l1-1-0.dll
 0001:0001cd00       malloc                     000000014001dd00 f   ucrt:api-ms-win-crt-heap-l1-1-0.dll
 0001:0001cd06       terminate                  000000014001dd06 f   ucrt:api-ms-win-crt-runtime-l1-1-0.dll
 0001:0001cd0c       _configure_narrow_argv     000000014001dd0c f   ucrt:api-ms-win-crt-runtime-l1-1-0.dll
 0001:0001cd12       _initialize_narrow_environment 000000014001dd12 f   ucrt:api-ms-win-crt-runtime-l1-1-0.dll
 0001:0001cd18       _initialize_onexit_table   000000014001dd18 f   ucrt:api-ms-win-crt-runtime-l1-1-0.dll
 0001:0001cd1e       _register_onexit_function  000000014001dd1e f   ucrt:api-ms-win-crt-runtime-l1-1-0.dll
 0001:0001cd24       _crt_atexit                000000014001dd24 f   ucrt:api-ms-win-crt-runtime-l1-1-0.dll
 0001:0001cd2a       _cexit                     000000014001dd2a f   ucrt:api-ms-win-crt-runtime-l1-1-0.dll
 0001:0001cd30       _seh_filter_exe            000000014001dd30 f   ucrt:api-ms-win-crt-runtime-l1-1-0.dll
 0001:0001cd36       _set_app_type              000000014001dd36 f   ucrt:api-ms-win-crt-runtime-l1-1-0.dll
 0001:0001cd3c       __setusermatherr           000000014001dd3c f   ucrt:api-ms-win-crt-math-l1-1-0.dll
 0001:0001cd42       _get_narrow_winmain_command_line 000000014001dd42 f   ucrt:api-ms-win-crt-runtime-l1-1-0.dll
 0001:0001cd48       _initterm                  000000014001dd48 f   ucrt:api-ms-win-crt-runtime-l1-1-0.dll
 0001:0001cd4e       _initterm_e                000000014001dd4e f   ucrt:api-ms-win-crt-runtime-l1-1-0.dll
 0001:0001cd54       exit                       000000014001dd54 f   ucrt:api-ms-win-crt-runtime-l1-1-0.dll
 0001:0001cd5a       _exit                      000000014001dd5a f   ucrt:api-ms-win-crt-runtime-l1-1-0.dll
 0001:0001cd60       _set_fmode                 000000014001dd60 f   ucrt:api-ms-win-crt-stdio-l1-1-0.dll
 0001:0001cd66       _c_exit                    000000014001dd66 f   ucrt:api-ms-win-crt-runtime-l1-1-0.dll
 0001:0001cd6c       _register_thread_local_exe_atexit_callback 000000014001dd6c f   ucrt:api-ms-win-crt-runtime-l1-1-0.dll
 0001:0001cd72       _configthreadlocale        000000014001dd72 f   ucrt:api-ms-win-crt-locale-l1-1-0.dll
 0001:0001cd78       _set_new_mode              000000014001dd78 f   ucrt:api-ms-win-crt-heap-l1-1-0.dll
 0001:0001cd7e       __p__commode               000000014001dd7e f   ucrt:api-ms-win-crt-stdio-l1-1-0.dll
 0001:0001cd84       free                       000000014001dd84 f   ucrt:api-ms-win-crt-heap-l1-1-0.dll
 0001:0001cd8a       IsProcessorFeaturePresent  000000014001dd8a f   kernel32:KERNEL32.dll
 0001:0001cd90       __GSHandlerCheck           000000014001dd90 f   MSVCRT:gshandler.obj
 0001:0001cdb0       __GSHandlerCheckCommon     000000014001ddb0 f   MSVCRT:gshandler.obj
 0001:0001ce0c       __GSHandlerCheck_EH        000000014001de0c f   MSVCRT:gshandlereh.obj
 0001:0001ce8b       __RTDynamicCast            000000014001de8b f   vcruntime:VCRUNTIME140.dll
 0001:0001ce91       memcmp                     000000014001de91 f   vcruntime:VCRUNTIME140.dll
 0001:0001ce97       memcpy                     000000014001de97 f   vcruntime:VCRUNTIME140.dll
 0001:0001ce9d       memmove                    000000014001de9d f   vcruntime:VCRUNTIME140.dll
 0001:0001cea3       acosf                      000000014001dea3 f   ucrt:api-ms-win-crt-math-l1-1-0.dll
 0001:0001cea9       cosf                       000000014001dea9 f   ucrt:api-ms-win-crt-math-l1-1-0.dll
 0001:0001ceaf       sinf                       000000014001deaf f   ucrt:api-ms-win-crt-math-l1-1-0.dll
 0001:0001ceb5       sqrtf                      000000014001deb5 f   ucrt:api-ms-win-crt-math-l1-1-0.dll
 0001:0001ced0       _guard_dispatch_icall_nop  000000014001ded0 f   MSVCRT:guard_dispatch.obj
 0002:00000000       __imp_SetBkMode            0000000140021000     gdi32:GDI32.dll
 0002:00000008       __imp_DeleteObject         0000000140021008     gdi32:GDI32.dll
 0002:00000010       __imp_SelectObject         0000000140021010     gdi32:GDI32.dll
 0002:00000018       __imp_CreateCompatibleBitmap 0000000140021018     gdi32:GDI32.dll
 0002:00000020       __imp_CreateCompatibleDC   0000000140021020     gdi32:GDI32.dll
 0002:00000028       __imp_Ellipse              0000000140021028     gdi32:GDI32.dll
 0002:00000030       __imp_GetPixel             0000000140021030     gdi32:GDI32.dll
 0002:00000038       __imp_GetStockObject       0000000140021038     gdi32:GDI32.dll
 0002:00000040       __imp_Rectangle            0000000140021040     gdi32:GDI32.dll
 0002:00000048       __imp_GdiTransparentBlt    0000000140021048     gdi32:GDI32.dll
 0002:00000050       __imp_BitBlt               0000000140021050     gdi32:GDI32.dll
 0002:00000058       __imp_PatBlt               0000000140021058     gdi32:GDI32.dll
 0002:00000060       __imp_SetTextColor         0000000140021060     gdi32:GDI32.dll
 0002:00000068       __imp_DeleteDC             0000000140021068     gdi32:GDI32.dll
 0002:00000070       __imp_TextOutA             0000000140021070     gdi32:GDI32.dll
 0002:00000078       \177GDI32_NULL_THUNK_DATA  0000000140021078     gdi32:GDI32.dll
 0002:00000080       __imp_IsDebuggerPresent    0000000140021080     kernel32:KERNEL32.dll
 0002:00000088       __imp_TerminateProcess     0000000140021088     kernel32:KERNEL32.dll
 0002:00000090       __imp_GetCurrentProcess    0000000140021090     kernel32:KERNEL32.dll
 0002:00000098       __imp_GetStartupInfoW      0000000140021098     kernel32:KERNEL32.dll
 0002:000000a0       __imp_GetModuleHandleW     00000001400210a0     kernel32:KERNEL32.dll
 0002:000000a8       __imp_GetCurrentProcessId  00000001400210a8     kernel32:KERNEL32.dll
 0002:000000b0       __imp_GetCurrentThreadId   00000001400210b0     kernel32:KERNEL32.dll
 0002:000000b8       __imp_GetSystemTimeAsFileTime 00000001400210b8     kernel32:KERNEL32.dll
 0002:000000c0       __imp_InitializeSListHead  00000001400210c0     kernel32:KERNEL32.dll
 0002:000000c8       __imp_SetUnhandledExceptionFilter 00000001400210c8     kernel32:KERNEL32.dll
 0002:000000d0       __imp_UnhandledExceptionFilter 00000001400210d0     kernel32:KERNEL32.dll
 0002:000000d8       __imp_RtlVirtualUnwind     00000001400210d8     kernel32:KERNEL32.dll
 0002:000000e0       __imp_RtlLookupFunctionEntry 00000001400210e0     kernel32:KERNEL32.dll
 0002:000000e8       __imp_RtlCaptureContext    00000001400210e8     kernel32:KERNEL32.dll
 0002:000000f0       __imp_ReadFile             00000001400210f0     kernel32:KERNEL32.dll
 0002:000000f8       __imp_CloseHandle          00000001400210f8     kernel32:KERNEL32.dll
 0002:00000100       __imp_CreateFileA          0000000140021100     kernel32:KERNEL32.dll
 0002:00000108       __imp_QueryPerformanceCounter 0000000140021108     kernel32:KERNEL32.dll
 0002:00000110       __imp_QueryPerformanceFrequency 0000000140021110     kernel32:KERNEL32.dll
 0002:00000118       __imp_IsProcessorFeaturePresent 0000000140021118     kernel32:KERNEL32.dll
 0002:00000120       __imp_GetTickCount         0000000140021120     kernel32:KERNEL32.dll
 0002:00000128       \177KERNEL32_NULL_THUNK_DATA 0000000140021128     kernel32:KERNEL32.dll
 0002:00000130       __imp_AlphaBlend           0000000140021130     msimg32:MSIMG32.dll
 0002:00000138       \177MSIMG32_NULL_THUNK_DATA 0000000140021138     msimg32:MSIMG32.dll
 0002:00000140       __imp_?_Xinvalid_argument@std@@YAXPEBD@Z 0000000140021140     msvcprt:MSVCP140.dll
 0002:00000148       __imp_?_Xout_of_range@std@@YAXPEBD@Z 0000000140021148     msvcprt:MSVCP140.dll
 0002:00000150       __imp_??6?$basic_ostream@DU?$char_traits@D@std@@@std@@QEAAAEAV01@H@Z 0000000140021150     msvcprt:MSVCP140.dll
 0002:00000158       __imp_??6?$basic_ostream@DU?$char_traits@D@std@@@std@@QEAAAEAV01@P6AAEAV01@AEAV01@@Z@Z 0000000140021158     msvcprt:MSVCP140.dll
 0002:00000160       __imp_?_Xlength_error@std@@YAXPEBD@Z 0000000140021160     msvcprt:MSVCP140.dll
 0002:00000168       __imp_?cout@std@@3V?$basic_ostream@DU?$char_traits@D@std@@@1@A 0000000140021168     msvcprt:MSVCP140.dll
 0002:00000170       __imp_?uncaught_exception@std@@YA_NXZ 0000000140021170     msvcprt:MSVCP140.dll
 0002:00000178       __imp_?sputc@?$basic_streambuf@DU?$char_traits@D@std@@@std@@QEAAHD@Z 0000000140021178     msvcprt:MSVCP140.dll
 0002:00000180       __imp_?widen@?$basic_ios@DU?$char_traits@D@std@@@std@@QEBADD@Z 0000000140021180     msvcprt:MSVCP140.dll
 0002:00000188       __imp_?sputn@?$basic_streambuf@DU?$char_traits@D@std@@@std@@QEAA_JPEBD_J@Z 0000000140021188     msvcprt:MSVCP140.dll
 0002:00000190       __imp_?put@?$basic_ostream@DU?$char_traits@D@std@@@std@@QEAAAEAV12@D@Z 0000000140021190     msvcprt:MSVCP140.dll
 0002:00000198       __imp_?_Osfx@?$basic_ostream@DU?$char_traits@D@std@@@std@@QEAAXXZ 0000000140021198     msvcprt:MSVCP140.dll
 0002:000001a0       __imp_?flush@?$basic_ostream@DU?$char_traits@D@std@@@std@@QEAAAEAV12@XZ 00000001400211a0     msvcprt:MSVCP140.dll
 0002:000001a8       __imp_?setstate@?$basic_ios@DU?$char_traits@D@std@@@std@@QEAAXH_N@Z 00000001400211a8     msvcprt:MSVCP140.dll
 0002:000001b0       \177MSVCP140_NULL_THUNK_DATA 00000001400211b0     msvcprt:MSVCP140.dll
 0002:000001b8       __imp_AdjustWindowRect     00000001400211b8     user32:USER32.dll
 0002:000001c0       __imp_DispatchMessageA     00000001400211c0     user32:USER32.dll
 0002:000001c8       __imp_SetWindowPos         00000001400211c8     user32:USER32.dll
 0002:000001d0       __imp_LoadIconA            00000001400211d0     user32:USER32.dll
 0002:000001d8       __imp_GetDC                00000001400211d8     user32:USER32.dll
 0002:000001e0       __imp_LoadImageA           00000001400211e0     user32:USER32.dll
 0002:000001e8       __imp_GetAsyncKeyState     00000001400211e8     user32:USER32.dll
 0002:000001f0       __imp_PostQuitMessage      00000001400211f0     user32:USER32.dll
 0002:000001f8       __imp_TranslateMessage     00000001400211f8     user32:USER32.dll
 0002:00000200       __imp_PeekMessageA         0000000140021200     user32:USER32.dll
 0002:00000208       __imp_ShowWindow           0000000140021208     user32:USER32.dll
 0002:00000210       __imp_CreateWindowExA      0000000140021210     user32:USER32.dll
[...]
 0004:000011c4       $pdata$?dtor$72@?0??init@player@@UEAAJXZ@4HA 000000014002c1c4     player.obj
 0004:000011d0       $pdata$?dtor$76@?0??init@player@@UEAAJXZ@4HA 000000014002c1d0     player.obj
 0004:000011dc       $pdata$?dtor$80@?0??init@player@@UEAAJXZ@4HA 000000014002c1dc     player.obj
 0004:000011e8       $pdata$?dtor$84@?0??init@player@@UEAAJXZ@4HA 000000014002c1e8     player.obj
 0004:000011f4       $pdata$?dtor$88@?0??init@player@@UEAAJXZ@4HA 000000014002c1f4     player.obj
 0004:00001200       $pdata$?dtor$92@?0??init@player@@UEAAJXZ@4HA 000000014002c200     player.obj
 0004:0000120c       $pdata$?dtor$96@?0??init@player@@UEAAJXZ@4HA 000000014002c20c     player.obj
 0004:00001218       $pdata$?dtor$100@?0??init@player@@UEAAJXZ@4HA 000000014002c218     player.obj
 0004:00001224       $pdata$?dtor$104@?0??init@player@@UEAAJXZ@4HA 000000014002c224     player.obj
 0004:00001230       $pdata$?dtor$108@?0??init@player@@UEAAJXZ@4HA 000000014002c230     player.obj
 0004:0000123c       $pdata$?dtor$112@?0??init@player@@UEAAJXZ@4HA 000000014002c23c     player.obj
 0004:00001248       $pdata$??__E_backBuffer@@YAXXZ 000000014002c248     player.obj
 0004:00001254       $pdata$?setAnimation@player@@QEAAXW4PLAYERSTATE@@@Z 000000014002c254     player.obj
 0004:00001260       $pdata$?checkBulletCollision@player@@QEAA_NUtagMYRECT@TTYONE_UTIL@@@Z 000000014002c260     player.obj
 0004:0000126c       $pdata$??$_Insert_string@DU?$char_traits@D@std@@_K@std@@YAAEAV?$basic_ostream@DU?$char_traits@D@std@@@0@AEAV10@QEBD_K@Z 000000014002c26c     playGround.obj
 0004:00001278       $pdata$?catch$4@?0???$_Insert_string@DU?$char_traits@D@std@@_K@std@@YAAEAV?$basic_ostream@DU?$char_traits@D@std@@@0@AEAV10@QEBD_K@Z@4HA 000000014002c278     playGround.obj
 0004:00001284       $pdata$?render@playGround@@UEAAXXZ 000000014002c284     playGround.obj
 0004:00001290       $pdata$?dtor$11@?0??render@playGround@@UEAAXXZ@4HA 000000014002c290     playGround.obj
 0004:0000129c       $pdata$?update@playGround@@UEAAXXZ 000000014002c29c     playGround.obj
 0004:000012a8       $pdata$??_GstageManager@@UEAAPEAXI@Z 000000014002c2a8     playGround.obj
 0004:000012b4       $pdata$??_Gplayer@@UEAAPEAXI@Z 000000014002c2b4     playGround.obj
 0004:000012c0       $pdata$?init@playGround@@UEAAJXZ 000000014002c2c0     playGround.obj
 0004:000012cc       $pdata$?dtor$72@?0??init@playGround@@UEAAJXZ@4HA 000000014002c2cc     playGround.obj
 0004:000012d8       $pdata$?dtor$76@?0??init@playGround@@UEAAJXZ@4HA 000000014002c2d8     playGround.obj
 0004:000012e4       $pdata$?dtor$80@?0??init@playGround@@UEAAJXZ@4HA 000000014002c2e4     playGround.obj
 0004:000012f0       $pdata$?dtor$84@?0??init@playGround@@UEAAJXZ@4HA 000000014002c2f0     playGround.obj
 0004:000012fc       $pdata$?dtor$88@?0??init@playGround@@UEAAJXZ@4HA 000000014002c2fc     playGround.obj
 0004:00001308       $pdata$?dtor$92@?0??init@playGround@@UEAAJXZ@4HA 000000014002c308     playGround.obj
 0004:00001314       $pdata$?dtor$96@?0??init@playGround@@UEAAJXZ@4HA 000000014002c314     playGround.obj
 0004:00001320       $pdata$?dtor$100@?0??init@playGround@@UEAAJXZ@4HA 000000014002c320     playGround.obj
 0004:0000132c       $pdata$?dtor$104@?0??init@playGround@@UEAAJXZ@4HA 000000014002c32c     playGround.obj
 0004:00001338       $pdata$?dtor$108@?0??init@playGround@@UEAAJXZ@4HA 000000014002c338     playGround.obj
 0004:00001344       $pdata$?dtor$112@?0??init@playGround@@UEAAJXZ@4HA 000000014002c344     playGround.obj
 0004:00001350       $pdata$?dtor$116@?0??init@playGround@@UEAAJXZ@4HA 000000014002c350     playGround.obj
 0004:0000135c       $pdata$?dtor$120@?0??init@playGround@@UEAAJXZ@4HA 000000014002c35c     playGround.obj
 0004:00001368       $pdata$?dtor$124@?0??init@playGround@@UEAAJXZ@4HA 000000014002c368     playGround.obj
 0004:00001374       $pdata$?dtor$128@?0??init@playGround@@UEAAJXZ@4HA 000000014002c374     playGround.obj
 0004:00001380       $pdata$?dtor$132@?0??init@playGround@@UEAAJXZ@4HA 000000014002c380     playGround.obj
 0004:0000138c       $pdata$?dtor$136@?0??init@playGround@@UEAAJXZ@4HA 000000014002c38c     playGround.obj
 0004:00001398       $pdata$?dtor$140@?0??init@playGround@@UEAAJXZ@4HA 000000014002c398     playGround.obj
 0004:000013a4       $pdata$?dtor$144@?0??init@playGround@@UEAAJXZ@4HA 000000014002c3a4     playGround.obj
 0004:000013b0       $pdata$?dtor$148@?0??init@playGround@@UEAAJXZ@4HA 000000014002c3b0     playGround.obj
 0004:000013bc       $pdata$?dtor$152@?0??init@playGround@@UEAAJXZ@4HA 000000014002c3bc     playGround.obj
 0004:000013c8       $pdata$?dtor$156@?0??init@playGround@@UEAAJXZ@4HA 000000014002c3c8     playGround.obj
 0004:000013d4       $pdata$?dtor$160@?0??init@playGround@@UEAAJXZ@4HA 000000014002c3d4     playGround.obj
 0004:000013e0       $pdata$?dtor$164@?0??init@playGround@@UEAAJXZ@4HA 000000014002c3e0     playGround.obj
 0004:000013ec       $pdata$?dtor$168@?0??init@playGround@@UEAAJXZ@4HA 000000014002c3ec     playGround.obj
 0004:000013f8       $pdata$?dtor$172@?0??init@playGround@@UEAAJXZ@4HA 000000014002c3f8     playGround.obj
 0004:00001404       $pdata$?dtor$176@?0??init@playGround@@UEAAJXZ@4HA 000000014002c404     playGround.obj
 0004:00001410       $pdata$?dtor$180@?0??init@playGround@@UEAAJXZ@4HA 000000014002c410     playGround.obj
 0004:0000141c       $pdata$?dtor$184@?0??init@playGround@@UEAAJXZ@4HA 000000014002c41c     playGround.obj
 0004:00001428       $pdata$?dtor$188@?0??init@playGround@@UEAAJXZ@4HA 000000014002c428     playGround.obj
 0004:00001434       $pdata$?dtor$192@?0??init@playGround@@UEAAJXZ@4HA 000000014002c434     playGround.obj
 0004:00001440       $pdata$?dtor$196@?0??init@playGround@@UEAAJXZ@4HA 000000014002c440     playGround.obj
 0004:0000144c       $pdata$?dtor$200@?0??init@playGround@@UEAAJXZ@4HA 000000014002c44c     playGround.obj
 0004:00001458       $pdata$?dtor$204@?0??init@playGround@@UEAAJXZ@4HA 000000014002c458     playGround.obj
 0004:00001464       $pdata$?dtor$208@?0??init@playGround@@UEAAJXZ@4HA 000000014002c464     playGround.obj
 0004:00001470       $pdata$?dtor$212@?0??init@playGround@@UEAAJXZ@4HA 000000014002c470     playGround.obj
 0004:0000147c       $pdata$?dtor$216@?0??init@playGround@@UEAAJXZ@4HA 000000014002c47c     playGround.obj
 0004:00001488       $pdata$?dtor$220@?0??init@playGround@@UEAAJXZ@4HA 000000014002c488     playGround.obj
 0004:00001494       $pdata$?dtor$224@?0??init@playGround@@UEAAJXZ@4HA 000000014002c494     playGround.obj
 0004:000014a0       $pdata$?dtor$228@?0??init@playGround@@UEAAJXZ@4HA 000000014002c4a0     playGround.obj
 0004:000014ac       $pdata$?dtor$232@?0??init@playGround@@UEAAJXZ@4HA 000000014002c4ac     playGround.obj
 0004:000014b8       $pdata$?dtor$236@?0??init@playGround@@UEAAJXZ@4HA 000000014002c4b8     playGround.obj
 0004:000014c4       $pdata$?dtor$240@?0??init@playGround@@UEAAJXZ@4HA 000000014002c4c4     playGround.obj
 0004:000014d0       $pdata$?dtor$244@?0??init@playGround@@UEAAJXZ@4HA 000000014002c4d0     playGround.obj
 0004:000014dc       $pdata$?dtor$248@?0??init@playGround@@UEAAJXZ@4HA 000000014002c4dc     playGround.obj
 0004:000014e8       $pdata$?dtor$252@?0??init@playGround@@UEAAJXZ@4HA 000000014002c4e8     playGround.obj
 0004:000014f4       $pdata$?dtor$256@?0??init@playGround@@UEAAJXZ@4HA 000000014002c4f4     playGround.obj
 0004:00001500       $pdata$?dtor$260@?0??init@playGround@@UEAAJXZ@4HA 000000014002c500     playGround.obj
 0004:0000150c       $pdata$?dtor$264@?0??init@playGround@@UEAAJXZ@4HA 000000014002c50c     playGround.obj
 0004:00001518       $pdata$?dtor$62@?0??init@playGround@@UEAAJXZ@4HA 000000014002c518     playGround.obj
 0004:00001524       $pdata$??_GplayGround@@UEAAPEAXI@Z 000000014002c524     playGround.obj
 0004:00001530       $pdata$??__E_backBuffer@@YAXXZ 000000014002c530     playGround.obj
 0004:0000153c       $pdata$?render@progressBar@@UEAAXXZ 000000014002c53c     progressBar.obj
 0004:00001548       $pdata$?update@progressBar@@UEAAXXZ 000000014002c548     progressBar.obj
 0004:00001554       $pdata$??_GprogressBar@@UEAAPEAXI@Z 000000014002c554     progressBar.obj
 0004:00001560       $pdata$??__E_backBuffer@@YAXXZ 000000014002c560     progressBar.obj
 0004:0000156c       $pdata$?changeScene@sceneManager@@QEAAJV?$basic_string@DU?$char_traits@D@std@@V?$allocator@D@2@@std@@@Z 000000014002c56c     sceneManager.obj
 0004:00001578       $pdata$?addScene@sceneManager@@QEAAPEAVgameNode@@V?$basic_string@DU?$char_traits@D@std@@V?$allocator@D@2@@std@@PEAV2@@Z 000000014002c578     sceneManager.obj
 0004:00001584       $pdata$??__E_backBuffer@@YAXXZ 000000014002c584     sceneManager.obj
 0004:00001590       $pdata$?erase@?$_Tree@V?$_Tmap_traits@V?$basic_string@DU?$char_traits@D@std@@V?$allocator@D@2@@std@@PEAPEAVSound@FMOD@@U?$less@V?$basic_string@DU?$char_traits@D@std@@V?$allocator@D@2@@std@@@2@V?$allocator@U?$pair@$$CBV?$basic_string@DU?$char_traits@D@std@@V?$allocator@D@2@@std@@PEAPEAVSound@FMOD@@@std@@@2@$0A@@std@@@std@@QEAA?AV?$_Tree_iterator@V?$_Tree_val@U?$_Tree_simple_types@U?$pair@$$CBV?$basic_string@DU?$char_traits@D@std@@V?$allocator@D@2@@std@@PEAPEAVSound@FMOD@@@std@@@std@@@std@@@2@V?$_Tree_const_iterator@V?$_Tree_val@U?$_Tree_simple_types@U?$pair@$$CBV?$basic_string@DU?$char_traits@D@std@@V?$allocator@D@2@@std@@PEAPEAVSound@FMOD@@@std@@@std@@@std@@@2@0@Z 000000014002c590     soundManager.obj
 0004:0000159c       $pdata$??$_Uninitialized_move@PEAV?$basic_string@DU?$char_traits@D@std@@V?$allocator@D@2@@std@@PEAV12@V?$allocator@V?$basic_string@DU?$char_traits@D@std@@V?$allocator@D@2@@std@@@2@@std@@YAPEAV?$basic_string@DU?$char_traits@D@std@@V?$allocator@D@2@@0@QEAV10@0PEAV10@AEAV?$allocator@V?$basic_string@DU?$char_traits@D@std@@V?$allocator@D@2@@std@@@0@@Z 000000014002c59c     stageManager.obj
 0004:000015a8       $pdata$??$_Emplace_reallocate@V?$basic_string@DU?$char_traits@D@std@@V?$allocator@D@2@@std@@@?$vector@V?$basic_string@DU?$char_traits@D@std@@V?$allocator@D@2@@std@@V?$allocator@V?$basic_string@DU?$char_traits@D@std@@V?$allocator@D@2@@std@@@2@@std@@QEAAPEAV?$basic_string@DU?$char_traits@D@std@@V?$allocator@D@2@@1@QEAV21@$$QEAV21@@Z 000000014002c5a8     stageManager.obj
 0004:000015b4       $pdata$1$??$_Emplace_reallocate@V?$basic_string@DU?$char_traits@D@std@@V?$allocator@D@2@@std@@@?$vector@V?$basic_string@DU?$char_traits@D@std@@V?$allocator@D@2@@std@@V?$allocator@V?$basic_string@DU?$char_traits@D@std@@V?$allocator@D@2@@std@@@2@@std@@QEAAPEAV?$basic_string@DU?$char_traits@D@std@@V?$allocator@D@2@@1@QEAV21@$$QEAV21@@Z 000000014002c5b4     stageManager.obj
 0004:000015c0       $pdata$3$??$_Emplace_reallocate@V?$basic_string@DU?$char_traits@D@std@@V?$allocator@D@2@@std@@@?$vector@V?$basic_string@DU?$char_traits@D@std@@V?$allocator@D@2@@std@@V?$allocator@V?$basic_string@DU?$char_traits@D@std@@V?$allocator@D@2@@std@@@2@@std@@QEAAPEAV?$basic_string@DU?$char_traits@D@std@@V?$allocator@D@2@@1@QEAV21@$$QEAV21@@Z 000000014002c5c0     stageManager.obj
 0004:000015cc       $pdata$4$??$_Emplace_reallocate@V?$basic_string@DU?$char_traits@D@std@@V?$allocator@D@2@@std@@@?$vector@V?$basic_string@DU?$char_traits@D@std@@V?$allocator@D@2@@std@@V?$allocator@V?$basic_string@DU?$char_traits@D@std@@V?$allocator@D@2@@std@@@2@@std@@QEAAPEAV?$basic_string@DU?$char_traits@D@std@@V?$allocator@D@2@@1@QEAV21@$$QEAV21@@Z 000000014002c5cc     stageManager.obj
 0004:000015d8       $pdata$??_Grell@@UEAAPEAXI@Z 000000014002c5d8     stageManager.obj
 0004:000015e4       $pdata$??_Gwitch@@UEAAPEAXI@Z 000000014002c5e4     stageManager.obj
 0004:000015f0       $pdata$??_Gprim@@UEAAPEAXI@Z 000000014002c5f0     stageManager.obj
 0004:000015fc       $pdata$??_Gmonkey@@UEAAPEAXI@Z 000000014002c5fc     stageManager.obj
 0004:000015fc       $pdata$??_Gbakman@@UEAAPEAXI@Z 000000014002c5fc     stageManager.obj
 0004:00001608       $pdata$??_Goko@@UEAAPEAXI@Z 000000014002c608     stageManager.obj
 0004:00001614       $pdata$?moveBossStage@stageManager@@QEAAXH@Z 000000014002c614     stageManager.obj
 0004:00001620       $pdata$?dtor$1@?0??moveBossStage@stageManager@@QEAAXH@Z@4HA 000000014002c620     stageManager.obj
 0004:0000162c       $pdata$??__E_backBuffer@@YAXXZ 000000014002c62c     stageManager.obj
 0004:00001638       $pdata$?init@stageManager@@UEAAJXZ 000000014002c638     stageManager.obj
 0004:00001644       $pdata$?dtor$0@?0??init@stageManager@@UEAAJXZ@4HA 000000014002c644     stageManager.obj
 0004:00001650       $pdata$?dtor$2@?0??init@stageManager@@UEAAJXZ@4HA 000000014002c650     stageManager.obj
 0004:0000165c       $pdata$?dtor$4@?0??init@stageManager@@UEAAJXZ@4HA 000000014002c65c     stageManager.obj
 0004:00001668       $pdata$?dtor$6@?0??init@stageManager@@UEAAJXZ@4HA 000000014002c668     stageManager.obj
 0004:00001674       $pdata$?dtor$8@?0??init@stageManager@@UEAAJXZ@4HA 000000014002c674     stageManager.obj
 0004:00001680       $pdata$?dtor$10@?0??init@stageManager@@UEAAJXZ@4HA 000000014002c680     stageManager.obj
 0004:0000168c       $pdata$?dtor$49@?0??init@stageManager@@UEAAJXZ@4HA 000000014002c68c     stageManager.obj
 0004:00001698       $pdata$?dtor$53@?0??init@stageManager@@UEAAJXZ@4HA 000000014002c698     stageManager.obj
 0004:000016a4       $pdata$?dtor$57@?0??init@stageManager@@UEAAJXZ@4HA 000000014002c6a4     stageManager.obj
 0004:000016b0       $pdata$?dtor$61@?0??init@stageManager@@UEAAJXZ@4HA 000000014002c6b0     stageManager.obj
 0004:000016bc       $pdata$?dtor$65@?0??init@stageManager@@UEAAJXZ@4HA 000000014002c6bc     stageManager.obj
 0004:000016c8       $pdata$?dtor$69@?0??init@stageManager@@UEAAJXZ@4HA 000000014002c6c8     stageManager.obj
 0004:000016d4       $pdata$?dtor$73@?0??init@stageManager@@UEAAJXZ@4HA 000000014002c6d4     stageManager.obj
 0004:000016e0       $pdata$?update@stageManager@@UEAAXXZ 000000014002c6e0     stageManager.obj
 0004:000016ec       $pdata$?dtor$7@?0??update@stageManager@@UEAAXXZ@4HA 000000014002c6ec     stageManager.obj
 0004:000016f8       $pdata$?dtor$12@?0??update@stageManager@@UEAAXXZ@4HA 000000014002c6f8     stageManager.obj
 0004:00001704       $pdata$?dtor$17@?0??update@stageManager@@UEAAXXZ@4HA 000000014002c704     stageManager.obj
 0004:00001710       $pdata$?dtor$22@?0??update@stageManager@@UEAAXXZ@4HA 000000014002c710     stageManager.obj
 0004:0000171c       $pdata$?dtor$27@?0??update@stageManager@@UEAAXXZ@4HA 000000014002c71c     stageManager.obj
 0004:00001728       $pdata$?dtor$32@?0??update@stageManager@@UEAAXXZ@4HA 000000014002c728     stageManager.obj
 0004:00001734       $pdata$?dtor$36@?0??update@stageManager@@UEAAXXZ@4HA 000000014002c734     stageManager.obj
 0004:00001740       $pdata$?render@stageManager@@UEAAXXZ 000000014002c740     stageManager.obj
 0004:0000174c       $pdata$?dtor$0@?0??render@stageManager@@UEAAXXZ@4HA 000000014002c74c     stageManager.obj
 0004:00001758       $pdata$?movePrevStage@stageManager@@QEAAXXZ 000000014002c758     stageManager.obj
 0004:00001764       $pdata$?moveNextStage@stageManager@@QEAAXXZ 000000014002c764     stageManager.obj
 0004:00001770       $pdata$??__E_backBuffer@@YAXXZ 000000014002c770     stageEnemyManager.obj
 0004:0000177c       $pdata$?parsingEnemyData@stageEnemyManager@@QEAAXPEBDAEAV?$vector@PEAVenemy@@V?$allocator@PEAVenemy@@@std@@@std@@@Z 000000014002c77c     stageEnemyManager.obj
 0004:00001788       $pdata$4$?parsingEnemyData@stageEnemyManager@@QEAAXPEBDAEAV?$vector@PEAVenemy@@V?$allocator@PEAVenemy@@@std@@@std@@@Z 000000014002c788     stageEnemyManager.obj
 0004:00001794       $pdata$5$?parsingEnemyData@stageEnemyManager@@QEAAXPEBDAEAV?$vector@PEAVenemy@@V?$allocator@PEAVenemy@@@std@@@std@@@Z 000000014002c794     stageEnemyManager.obj
 0004:000017a0       $pdata$6$?parsingEnemyData@stageEnemyManager@@QEAAXPEBDAEAV?$vector@PEAVenemy@@V?$allocator@PEAVenemy@@@std@@@std@@@Z 000000014002c7a0     stageEnemyManager.obj
 0004:000017ac       $pdata$??$sprintf_s@$0BAA@@@YAHAEAY0BAA@DPEBDZZ 000000014002c7ac     timeManager.obj
 0004:000017b8       $pdata$?charArraySeparation@txtData@@QEAA?AV?$vector@V?$basic_string@DU?$char_traits@D@std@@V?$allocator@D@2@@std@@V?$allocator@V?$basic_string@DU?$char_traits@D@std@@V?$allocator@D@2@@std@@@2@@std@@QEAD@Z 000000014002c7b8     txtData.obj
 0004:000017c4       $pdata$?dtor$0@?0??charArraySeparation@txtData@@QEAA?AV?$vector@V?$basic_string@DU?$char_traits@D@std@@V?$allocator@D@2@@std@@V?$allocator@V?$basic_string@DU?$char_traits@D@std@@V?$allocator@D@2@@std@@@2@@std@@QEAD@Z@4HA 000000014002c7c4     txtData.obj
 0004:000017d0       $pdata$?txtLoad@txtData@@QEAA?AV?$vector@V?$basic_string@DU?$char_traits@D@std@@V?$allocator@D@2@@std@@V?$allocator@V?$basic_string@DU?$char_traits@D@std@@V?$allocator@D@2@@std@@@2@@std@@PEBD@Z 000000014002c7d0     txtData.obj
 0004:000017dc       $pdata$?getAngle@TTYONE_UTIL@@YAMMMMM@Z 000000014002c7dc     utils.obj
 0004:000017e8       $pdata$?WndProc@@YA_JPEAUHWND__@@I_K_J@Z 000000014002c7e8     windowsAPI.obj
 0004:000017f4       $pdata$WinMain             000000014002c7f4     windowsAPI.obj
 0004:00001800       $pdata$0$WinMain           000000014002c800     windowsAPI.obj
 0004:0000180c       $pdata$1$WinMain           000000014002c80c     windowsAPI.obj
 0004:00001818       $pdata$3$WinMain           000000014002c818     windowsAPI.obj
 0004:00001824       $pdata$4$WinMain           000000014002c824     windowsAPI.obj
 0004:00001830       $pdata$??__F_pg@@YAXXZ     000000014002c830     windowsAPI.obj
 0004:0000183c       $pdata$??__E_pg@@YAXXZ     000000014002c83c     windowsAPI.obj
 0004:00001848       $pdata$??__E_backBuffer@@YAXXZ 000000014002c848     windowsAPI.obj
 0004:00001854       $pdata$__GSHandlerCheckCommon 000000014002c854     MSVCRT:gshandler.obj
 0004:00001860       $pdata$__GSHandlerCheck    000000014002c860     MSVCRT:gshandler.obj
 0004:0000186c       $pdata$__GSHandlerCheck_EH 000000014002c86c     MSVCRT:gshandlereh.obj
 0005:00000570       $R000000                   000000014002d570     windowsAPI.res
 0005:000016d0       $R001160                   000000014002e6d0     windowsAPI.res
 0005:00002578       $R002008                   000000014002f578     windowsAPI.res
 0005:00002e20       $R0028B0                   000000014002fe20     windowsAPI.res
 0005:00003388       $R002E18                   0000000140030388     windowsAPI.res
 0005:00003c98       $R003728                   0000000140030c98     windowsAPI.res
 0005:00007ec0       $R007950                   0000000140034ec0     windowsAPI.res
 0005:0000a468       $R009EF8                   0000000140037468     windowsAPI.res
 0005:0000b510       $R00AFA0                   0000000140038510     windowsAPI.res
 0005:0000b978       $R00B408                   0000000140038978     windowsAPI.res
 0005:0000ba00       $R00B490                   0000000140038a00     windowsAPI.res
 0005:0000cb60       $R00C5F0                   0000000140039b60     windowsAPI.res
 0005:0000da08       $R00D498                   000000014003aa08     windowsAPI.res
 0005:0000e2b0       $R00DD40                   000000014003b2b0     windowsAPI.res
 0005:0000e818       $R00E2A8                   000000014003b818     windowsAPI.res
 0005:0000f128       $R00EBB8                   000000014003c128     windowsAPI.res
 0005:00013350       $R012DE0                   0000000140040350     windowsAPI.res
 0005:000158f8       $R015388                   00000001400428f8     windowsAPI.res
 0005:000169a0       $R016430                   00000001400439a0     windowsAPI.res
 0005:00016e08       $R016898                   0000000140043e08     windowsAPI.res
 0005:00016e90       $R016920                   0000000140043e90     windowsAPI.res
 0005:00016ee8       $R016978                   0000000140043ee8     windowsAPI.res
 0005:00016ef8       $R016988                   0000000140043ef8     windowsAPI.res
 0005:00017028       $R016AB8                   0000000140044028     windowsAPI.res
 0005:00017070       $R016B00                   0000000140044070     windowsAPI.res
